Archive member included because of file (symbol)

c:/program files (x86)/microchip/xc32/v1.42/bin/bin/../../lib/gcc/pic32mx/4.8.3/../../../../pic32mx/lib\libmchp_peripheral_32MX320F128H.a(int_configure_system_lib.o)
                              build/default/production/_ext/331920610/BOARD.o (INTConfigureSystem)
c:/program files (x86)/microchip/xc32/v1.42/bin/bin/../../lib/gcc/pic32mx/4.8.3/../../../../pic32mx/lib\libmchp_peripheral_32MX320F128H.a(int_enable_interrupts_lib.o)
                              build/default/production/_ext/331920610/BOARD.o (INTEnableInterrupts)
c:/program files (x86)/microchip/xc32/v1.42/bin/bin/../../lib/gcc/pic32mx/4.8.3/../../../../pic32mx/lib\libmchp_peripheral_32MX320F128H.a(int_tbl_lib.o)
                              build/default/production/_ext/331920610/AD.o (INTClearFlag)
c:/program files (x86)/microchip/xc32/v1.42/bin/bin/../../lib/gcc/pic32mx/4.8.3/../../../../pic32mx/lib\libmchp_peripheral_32MX320F128H.a(power_sleep_lib.o)
                              build/default/production/_ext/331920610/AD.o (PowerSaveSleep)
c:/program files (x86)/microchip/xc32/v1.42/bin/bin/../../lib/gcc/pic32mx/4.8.3/../../../../pic32mx/lib\libmchp_peripheral_32MX320F128H.a(port_set_pins_digital_in_lib.o)
                              build/default/production/_ext/331920610/BOARD.o (PORTSetPinsDigitalIn)
c:/program files (x86)/microchip/xc32/v1.42/bin/bin/../../lib/gcc/pic32mx/4.8.3/../../../../pic32mx/lib\libmchp_peripheral_32MX320F128H.a(_ports_tbl_libp.o)
                              c:/program files (x86)/microchip/xc32/v1.42/bin/bin/../../lib/gcc/pic32mx/4.8.3/../../../../pic32mx/lib\libmchp_peripheral_32MX320F128H.a(port_set_pins_digital_in_lib.o) (PortRegTbl)
c:/program files (x86)/microchip/xc32/v1.42/bin/bin/../../lib/gcc/pic32mx/4.8.3/../../../../pic32mx/lib\libmchp_peripheral_32MX320F128H.a(uart_lib.o)
                              build/default/production/_ext/331920610/serial.o (UARTEnable)
c:/program files (x86)/microchip/xc32/v1.42/bin/bin/../../lib/gcc/pic32mx/4.8.3/../../../../pic32mx/lib\libmchp_peripheral_32MX320F128H.a(int_disable_interrupts_lib.o)
                              c:/program files (x86)/microchip/xc32/v1.42/bin/bin/../../lib/gcc/pic32mx/4.8.3/../../../../pic32mx/lib\libmchp_peripheral_32MX320F128H.a(power_sleep_lib.o) (INTDisableInterrupts)
c:/program files (x86)/microchip/xc32/v1.42/bin/bin/../../lib/gcc/pic32mx/4.8.3/../../../../pic32mx/lib\libmchp_peripheral_32MX320F128H.a(int_restore_interrupts_lib.o)
                              c:/program files (x86)/microchip/xc32/v1.42/bin/bin/../../lib/gcc/pic32mx/4.8.3/../../../../pic32mx/lib\libmchp_peripheral_32MX320F128H.a(power_sleep_lib.o) (INTRestoreInterrupts)
c:/program files (x86)/microchip/xc32/v1.42/bin/bin/../../lib/gcc/pic32mx/4.8.3\libgcc.a(floatunsisf.o)
                              build/default/production/_ext/331920610/AD.o (__floatunsisf)
c:/program files (x86)/microchip/xc32/v1.42/bin/bin/../../lib/gcc/pic32mx/4.8.3/../../../../pic32mx/lib\libpic32.a(default-bootstrap-exception-handler.o)
                              c:/program files (x86)/microchip/xc32/v1.42/bin/bin/../../lib/gcc/pic32mx/4.8.3/../../../../pic32mx/lib/./proc/32MX320F128H/crt0_mips32r2.o (_bootstrap_exception_handler)
c:/program files (x86)/microchip/xc32/v1.42/bin/bin/../../lib/gcc/pic32mx/4.8.3/../../../../pic32mx/lib\libpic32.a(default-on-reset.o)
                              c:/program files (x86)/microchip/xc32/v1.42/bin/bin/../../lib/gcc/pic32mx/4.8.3/../../../../pic32mx/lib/./proc/32MX320F128H/crt0_mips32r2.o (_on_reset)
c:/program files (x86)/microchip/xc32/v1.42/bin/bin/../../lib/gcc/pic32mx/4.8.3/../../../../pic32mx/lib\libpic32.a(default-on-bootstrap.o)
                              c:/program files (x86)/microchip/xc32/v1.42/bin/bin/../../lib/gcc/pic32mx/4.8.3/../../../../pic32mx/lib/./proc/32MX320F128H/crt0_mips32r2.o (_on_bootstrap)
c:/program files (x86)/microchip/xc32/v1.42/bin/bin/../../lib/gcc/pic32mx/4.8.3/../../../../pic32mx/lib\libpic32.a(default-nmi-handler.o)
                              c:/program files (x86)/microchip/xc32/v1.42/bin/bin/../../lib/gcc/pic32mx/4.8.3/../../../../pic32mx/lib/./proc/32MX320F128H/crt0_mips32r2.o (_nmi_handler)
c:/program files (x86)/microchip/xc32/v1.42/bin/bin/../../lib/gcc/pic32mx/4.8.3/../../../../pic32mx/lib\libpic32.a(general-exception.o)
                              c:/program files (x86)/microchip/xc32/v1.42/bin/bin/../../lib/gcc/pic32mx/4.8.3/../../../../pic32mx/lib/./proc/32MX320F128H/crt0_mips32r2.o (_general_exception_context)
c:/program files (x86)/microchip/xc32/v1.42/bin/bin/../../lib/gcc/pic32mx/4.8.3/../../../../pic32mx/lib\libpic32.a(vector0.o)
                              c:/program files (x86)/microchip/xc32/v1.42/bin/bin/../../lib/gcc/pic32mx/4.8.3/../../../../pic32mx/lib/./proc/32MX320F128H\default_isr_vectors.o (__vector_dispatch_0)
[...]
Memory Configuration

Name             Origin             Length             Attributes
kseg0_program_mem 0x9d002000         0x0001d000         xr
kseg0_boot_mem   0x9d000490         0x00000970
exception_mem    0x9d001000         0x00001000
kseg1_boot_mem   0xbd000000         0x00000490
debug_exec_mem   0xbfc02000         0x00000ff0
config3          0xbfc02ff0         0x00000004
config2          0xbfc02ff4         0x00000004
config1          0xbfc02ff8         0x00000004
config0          0xbfc02ffc         0x00000004
kseg1_data_mem   0xa0000000         0x00004000         w !x
sfrs             0xbf800000         0x00100000
configsfrs       0xbfc02ff0         0x00000010
*default*        0x00000000         0xffffffff

Linker script and memory map

LOAD c:/program files (x86)/microchip/xc32/v1.42/bin/bin/../../lib/gcc/pic32mx/4.8.3/../../../../pic32mx/lib/./proc/32MX320F128H/crt0_mips32r2.o
LOAD c:/program files (x86)/microchip/xc32/v1.42/bin/bin/../../lib/gcc/pic32mx/4.8.3/../../../../pic32mx/lib\debug-exception-return.o
LOAD build/default/production/_ext/331920610/AD.o
LOAD build/default/production/_ext/331920610/BOARD.o
LOAD build/default/production/_ext/331920610/ES_CheckEvents.o
LOAD build/default/production/_ext/331920610/ES_Framework.o
LOAD build/default/production/_ext/331920610/ES_KeyboardInput.o
LOAD build/default/production/_ext/331920610/ES_PostList.o
LOAD build/default/production/_ext/331920610/ES_Queue.o
LOAD build/default/production/_ext/331920610/ES_TattleTale.o
LOAD build/default/production/_ext/331920610/ES_Timers.o
LOAD build/default/production/_ext/331920610/IO_Ports.o
LOAD build/default/production/_ext/331920610/pwm.o
LOAD build/default/production/_ext/331920610/serial.o
LOAD build/default/production/_ext/418869798/TemplateES_Main.o
LOAD build/default/production/_ext/281976485/MyHelperFunctions.o
LOAD build/default/production/_ext/331920610/LED.o
LOAD build/default/production/_ext/418869798/TemplateEventChecker.o
LOAD build/default/production/_ext/418869798/TapeTrackingSubHSM.o
LOAD build/default/production/_ext/418869798/TopLevelHSM.o
LOAD build/default/production/_ext/418869798/TrackWireSubHSM.o
LOAD build/default/production/_ext/418869798/FirstBeaconSubHSM.o
LOAD build/default/production/_ext/331920610/RC_Servo.o
                0x00000001                __MPLAB_BUILD = 0x1
                0x00000400                PROVIDE (_min_stack_size, 0x400)
LOAD c:/program files (x86)/microchip/xc32/v1.42/bin/bin/../../lib/gcc/pic32mx/4.8.3/../../../../pic32mx/lib/./proc/32MX320F128H\processor.o
START GROUP
LOAD c:/program files (x86)/microchip/xc32/v1.42/bin/bin/../../lib/gcc/pic32mx/4.8.3/../../../../pic32mx/lib\libmchp_peripheral.a
END GROUP
START GROUP
LOAD c:/program files (x86)/microchip/xc32/v1.42/bin/bin/../../lib/gcc/pic32mx/4.8.3/../../../../pic32mx/lib\libmchp_peripheral_32MX320F128H.a
END GROUP
                0x00000001                PROVIDE (_vector_spacing, 0x1)
                0x9d001000                _ebase_address = 0x9d001000
                0xbd000000                _RESET_ADDR = 0xbd000000
                0xbd000380                _BEV_EXCPT_ADDR = 0xbd000380
                0xbd000480                _DBG_EXCPT_ADDR = 0xbd000480
                0xbfc02000                _DBG_CODE_ADDR = 0xbfc02000
                0x00000ff0                _DBG_CODE_SIZE = 0xff0
                0x9d001180                _GEN_EXCPT_ADDR = (_ebase_address + 0x180)

.config_BFC02FF0
 *(.config_BFC02FF0)

.config_BFC02FF4
 *(.config_BFC02FF4)

.config_BFC02FF8
 *(.config_BFC02FF8)

.config_BFC02FFC
 *(.config_BFC02FFC)
                0xbfc02000                PROVIDE (_DBG_CODE_ADDR, 0xbfc02000)
                0x00000ff0                PROVIDE (_DBG_CODE_SIZE, 0xff0)

.reset          0xbd000000      0x208
 *(.reset)
 .reset         0xbd000000        0x8 c:/program files (x86)/microchip/xc32/v1.42/bin/bin/../../lib/gcc/pic32mx/4.8.3/../../../../pic32mx/lib/./proc/32MX320F128H/crt0_mips32r2.o
                0xbd000000                _reset
 *(.reset.startup)
 .reset.startup
                0xbd000008      0x200 c:/program files (x86)/microchip/xc32/v1.42/bin/bin/../../lib/gcc/pic32mx/4.8.3/../../../../pic32mx/lib/./proc/32MX320F128H/crt0_mips32r2.o

.bev_excpt      0xbd000380       0x10
 *(.bev_handler)
 .bev_handler   0xbd000380       0x10 c:/program files (x86)/microchip/xc32/v1.42/bin/bin/../../lib/gcc/pic32mx/4.8.3/../../../../pic32mx/lib/./proc/32MX320F128H/crt0_mips32r2.o

.dbg_excpt      0xbd000480        0x0
                0xbd000480                . = (. + DEFINED (_DEBUGGER)?0x8:0x0)

.dbg_code       0xbfc02000        0x0
                0xbfc02000                . = (. + DEFINED (_DEBUGGER)?_DBG_CODE_SIZE:0x0)

.app_excpt      0x9d001180       0x10
 *(.gen_handler)
 .gen_handler   0x9d001180       0x10 c:/program files (x86)/microchip/xc32/v1.42/bin/bin/../../lib/gcc/pic32mx/4.8.3/../../../../pic32mx/lib/./proc/32MX320F128H/crt0_mips32r2.o

.vector_0       0x9d001200        0x8
 *(.vector_0)
 .vector_0      0x9d001200        0x8 c:/program files (x86)/microchip/xc32/v1.42/bin/bin/../../lib/gcc/pic32mx/4.8.3/../../../../pic32mx/lib\libpic32.a(vector0.o)
                0x9d001200                __vector_dispatch_0
                0x00000001                ASSERT (((_vector_spacing == 0x0) || (SIZEOF (.vector_0) <= (_vector_spacing << 0x5))), function at exception vector 0 too large)

.vector_1       0x9d001220        0x8
 *(.vector_1)
 .vector_1      0x9d001220        0x8 c:/program files (x86)/microchip/xc32/v1.42/bin/bin/../../lib/gcc/pic32mx/4.8.3/../../../../pic32mx/lib\libpic32.a(vector1.o)
                0x9d001220                __vector_dispatch_1
                0x00000001                ASSERT (((_vector_spacing == 0x0) || (SIZEOF (.vector_1) <= (_vector_spacing << 0x5))), function at exception vector 1 too large)

.vector_2       0x9d001240        0x8
 *(.vector_2)
 .vector_2      0x9d001240        0x8 c:/program files (x86)/microchip/xc32/v1.42/bin/bin/../../lib/gcc/pic32mx/4.8.3/../../../../pic32mx/lib\libpic32.a(vector2.o)
                0x9d001240                __vector_dispatch_2
                0x00000001                ASSERT (((_vector_spacing == 0x0) || (SIZEOF (.vector_2) <= (_vector_spacing << 0x5))), function at exception vector 2 too large)

.vector_3       0x9d001260        0x8
 *(.vector_3)
 .vector_3      0x9d001260        0x8 c:/program files (x86)/microchip/xc32/v1.42/bin/bin/../../lib/gcc/pic32mx/4.8.3/../../../../pic32mx/lib\libpic32.a(vector3.o)
                0x9d001260                __vector_dispatch_3
                0x00000001                ASSERT (((_vector_spacing == 0x0) || (SIZEOF (.vector_3) <= (_vector_spacing << 0x5))), function at exception vector 3 too large)

.vector_4       0x9d001280        0x8
 *(.vector_4)
 .vector_4      0x9d001280        0x8 build/default/production/_ext/331920610/ES_Timers.o
                0x9d001280                __vector_dispatch_4
                0x00000001                ASSERT (((_vector_spacing == 0x0) || (SIZEOF (.vector_4) <= (_vector_spacing << 0x5))), function at exception vector 4 too large)

.vector_5       0x9d0012a0        0x8
 *(.vector_5)
 .vector_5      0x9d0012a0        0x8 c:/program files (x86)/microchip/xc32/v1.42/bin/bin/../../lib/gcc/pic32mx/4.8.3/../../../../pic32mx/lib\libpic32.a(vector5.o)
                0x9d0012a0                __vector_dispatch_5
                0x00000001                ASSERT (((_vector_spacing == 0x0) || (SIZEOF (.vector_5) <= (_vector_spacing << 0x5))), function at exception vector 5 too large)

.vector_6       0x9d0012c0        0x8
 *(.vector_6)
 .vector_6      0x9d0012c0        0x8 c:/program files (x86)/microchip/xc32/v1.42/bin/bin/../../lib/gcc/pic32mx/4.8.3/../../../../pic32mx/lib\libpic32.a(vector6.o)
                0x9d0012c0                __vector_dispatch_6
                0x00000001                ASSERT (((_vector_spacing == 0x0) || (SIZEOF (.vector_6) <= (_vector_spacing << 0x5))), function at exception vector 6 too large)

.vector_7       0x9d0012e0        0x8
 *(.vector_7)
 .vector_7      0x9d0012e0        0x8 c:/program files (x86)/microchip/xc32/v1.42/bin/bin/../../lib/gcc/pic32mx/4.8.3/../../../../pic32mx/lib\libpic32.a(vector7.o)
                0x9d0012e0                __vector_dispatch_7
                0x00000001                ASSERT (((_vector_spacing == 0x0) || (SIZEOF (.vector_7) <= (_vector_spacing << 0x5))), function at exception vector 7 too large)

.vector_8       0x9d001300        0x8
 *(.vector_8)
 .vector_8      0x9d001300        0x8 c:/program files (x86)/microchip/xc32/v1.42/bin/bin/../../lib/gcc/pic32mx/4.8.3/../../../../pic32mx/lib\libpic32.a(vector8.o)
                0x9d001300                __vector_dispatch_8
                0x00000001                ASSERT (((_vector_spacing == 0x0) || (SIZEOF (.vector_8) <= (_vector_spacing << 0x5))), function at exception vector 8 too large)

.vector_9       0x9d001320        0x8
 *(.vector_9)
 .vector_9      0x9d001320        0x8 c:/program files (x86)/microchip/xc32/v1.42/bin/bin/../../lib/gcc/pic32mx/4.8.3/../../../../pic32mx/lib\libpic32.a(vector9.o)
                0x9d001320                __vector_dispatch_9
                0x00000001                ASSERT (((_vector_spacing == 0x0) || (SIZEOF (.vector_9) <= (_vector_spacing << 0x5))), function at exception vector 9 too large)

.vector_10      0x9d001340        0x8
 *(.vector_10)
 .vector_10     0x9d001340        0x8 c:/program files (x86)/microchip/xc32/v1.42/bin/bin/../../lib/gcc/pic32mx/4.8.3/../../../../pic32mx/lib\libpic32.a(vector10.o)
                0x9d001340                __vector_dispatch_10
                0x00000001                ASSERT (((_vector_spacing == 0x0) || (SIZEOF (.vector_10) <= (_vector_spacing << 0x5))), function at exception vector 10 too large)

.vector_11      0x9d001360        0x8
 *(.vector_11)
 .vector_11     0x9d001360        0x8 c:/program files (x86)/microchip/xc32/v1.42/bin/bin/../../lib/gcc/pic32mx/4.8.3/../../../../pic32mx/lib\libpic32.a(vector11.o)
                0x9d001360                __vector_dispatch_11
                0x00000001                ASSERT (((_vector_spacing == 0x0) || (SIZEOF (.vector_11) <= (_vector_spacing << 0x5))), function at exception vector 11 too large)

.vector_12      0x9d001380        0x8
 *(.vector_12)
 .vector_12     0x9d001380        0x8 c:/program files (x86)/microchip/xc32/v1.42/bin/bin/../../lib/gcc/pic32mx/4.8.3/../../../../pic32mx/lib\libpic32.a(vector12.o)
                0x9d001380                __vector_dispatch_12
                0x00000001                ASSERT (((_vector_spacing == 0x0) || (SIZEOF (.vector_12) <= (_vector_spacing << 0x5))), function at exception vector 12 too large)

.vector_13      0x9d0013a0        0x8
 *(.vector_13)
 .vector_13     0x9d0013a0        0x8 c:/program files (x86)/microchip/xc32/v1.42/bin/bin/../../lib/gcc/pic32mx/4.8.3/../../../../pic32mx/lib\libpic32.a(vector13.o)
                0x9d0013a0                __vector_dispatch_13
                0x00000001                ASSERT (((_vector_spacing == 0x0) || (SIZEOF (.vector_13) <= (_vector_spacing << 0x5))), function at exception vector 13 too large)

.vector_14      0x9d0013c0        0x8
 *(.vector_14)
 .vector_14     0x9d0013c0        0x8 c:/program files (x86)/microchip/xc32/v1.42/bin/bin/../../lib/gcc/pic32mx/4.8.3/../../../../pic32mx/lib\libpic32.a(vector14.o)
                0x9d0013c0                __vector_dispatch_14
                0x00000001                ASSERT (((_vector_spacing == 0x0) || (SIZEOF (.vector_14) <= (_vector_spacing << 0x5))), function at exception vector 14 too large)

.vector_15      0x9d0013e0        0x8
 *(.vector_15)
 .vector_15     0x9d0013e0        0x8 c:/program files (x86)/microchip/xc32/v1.42/bin/bin/../../lib/gcc/pic32mx/4.8.3/../../../../pic32mx/lib\libpic32.a(vector15.o)
                0x9d0013e0                __vector_dispatch_15
                0x00000001                ASSERT (((_vector_spacing == 0x0) || (SIZEOF (.vector_15) <= (_vector_spacing << 0x5))), function at exception vector 15 too large)

.vector_16      0x9d001400        0x8
 *(.vector_16)
 .vector_16     0x9d001400        0x8 build/default/production/_ext/331920610/RC_Servo.o
                0x9d001400                __vector_dispatch_16
                0x00000001                ASSERT (((_vector_spacing == 0x0) || (SIZEOF (.vector_16) <= (_vector_spacing << 0x5))), function at exception vector 16 too large)

.vector_17      0x9d001420        0x8
 *(.vector_17)
 .vector_17     0x9d001420        0x8 c:/program files (x86)/microchip/xc32/v1.42/bin/bin/../../lib/gcc/pic32mx/4.8.3/../../../../pic32mx/lib\libpic32.a(vector17.o)
                0x9d001420                __vector_dispatch_17
                0x00000001                ASSERT (((_vector_spacing == 0x0) || (SIZEOF (.vector_17) <= (_vector_spacing << 0x5))), function at exception vector 17 too large)

.vector_18      0x9d001440        0x8
 *(.vector_18)
 .vector_18     0x9d001440        0x8 c:/program files (x86)/microchip/xc32/v1.42/bin/bin/../../lib/gcc/pic32mx/4.8.3/../../../../pic32mx/lib\libpic32.a(vector18.o)
                0x9d001440                __vector_dispatch_18
                0x00000001                ASSERT (((_vector_spacing == 0x0) || (SIZEOF (.vector_18) <= (_vector_spacing << 0x5))), function at exception vector 18 too large)

.vector_19      0x9d001460        0x8
 *(.vector_19)
 .vector_19     0x9d001460        0x8 c:/program files (x86)/microchip/xc32/v1.42/bin/bin/../../lib/gcc/pic32mx/4.8.3/../../../../pic32mx/lib\libpic32.a(vector19.o)
                0x9d001460                __vector_dispatch_19
                0x00000001                ASSERT (((_vector_spacing == 0x0) || (SIZEOF (.vector_19) <= (_vector_spacing << 0x5))), function at exception vector 19 too large)

.vector_20      0x9d001480        0x8
 *(.vector_20)
 .vector_20     0x9d001480        0x8 c:/program files (x86)/microchip/xc32/v1.42/bin/bin/../../lib/gcc/pic32mx/4.8.3/../../../../pic32mx/lib\libpic32.a(vector20.o)
                0x9d001480                __vector_dispatch_20
                0x00000001                ASSERT (((_vector_spacing == 0x0) || (SIZEOF (.vector_20) <= (_vector_spacing << 0x5))), function at exception vector 20 too large)

.vector_21      0x9d0014a0        0x8
 *(.vector_21)
 .vector_21     0x9d0014a0        0x8 c:/program files (x86)/microchip/xc32/v1.42/bin/bin/../../lib/gcc/pic32mx/4.8.3/../../../../pic32mx/lib\libpic32.a(vector21.o)
                0x9d0014a0                __vector_dispatch_21
                0x00000001                ASSERT (((_vector_spacing == 0x0) || (SIZEOF (.vector_21) <= (_vector_spacing << 0x5))), function at exception vector 21 too large)

.vector_22      0x9d0014c0        0x8
 *(.vector_22)
 .vector_22     0x9d0014c0        0x8 c:/program files (x86)/microchip/xc32/v1.42/bin/bin/../../lib/gcc/pic32mx/4.8.3/../../../../pic32mx/lib\libpic32.a(vector22.o)
                0x9d0014c0                __vector_dispatch_22
                0x00000001                ASSERT (((_vector_spacing == 0x0) || (SIZEOF (.vector_22) <= (_vector_spacing << 0x5))), function at exception vector 22 too large)

.vector_23      0x9d0014e0        0x8
 *(.vector_23)
 .vector_23     0x9d0014e0        0x8 c:/program files (x86)/microchip/xc32/v1.42/bin/bin/../../lib/gcc/pic32mx/4.8.3/../../../../pic32mx/lib\libpic32.a(vector23.o)
                0x9d0014e0                __vector_dispatch_23
                0x00000001                ASSERT (((_vector_spacing == 0x0) || (SIZEOF (.vector_23) <= (_vector_spacing << 0x5))), function at exception vector 23 too large)

.vector_24      0x9d001500        0x8
 *(.vector_24)
 .vector_24     0x9d001500        0x8 build/default/production/_ext/331920610/serial.o
                0x9d001500                __vector_dispatch_24
                0x00000001                ASSERT (((_vector_spacing == 0x0) || (SIZEOF (.vector_24) <= (_vector_spacing << 0x5))), function at exception vector 24 too large)

.vector_25      0x9d001520        0x8
 *(.vector_25)
 .vector_25     0x9d001520        0x8 c:/program files (x86)/microchip/xc32/v1.42/bin/bin/../../lib/gcc/pic32mx/4.8.3/../../../../pic32mx/lib\libpic32.a(vector25.o)
                0x9d001520                __vector_dispatch_25
                0x00000001                ASSERT (((_vector_spacing == 0x0) || (SIZEOF (.vector_25) <= (_vector_spacing << 0x5))), function at exception vector 25 too large)

.vector_26      0x9d001540        0x8
 *(.vector_26)
 .vector_26     0x9d001540        0x8 c:/program files (x86)/microchip/xc32/v1.42/bin/bin/../../lib/gcc/pic32mx/4.8.3/../../../../pic32mx/lib\libpic32.a(vector26.o)
                0x9d001540                __vector_dispatch_26
                0x00000001                ASSERT (((_vector_spacing == 0x0) || (SIZEOF (.vector_26) <= (_vector_spacing << 0x5))), function at exception vector 26 too large)

.vector_27      0x9d001560        0x8
 *(.vector_27)
 .vector_27     0x9d001560        0x8 build/default/production/_ext/331920610/AD.o
                0x9d001560                __vector_dispatch_27
                0x00000001                ASSERT (((_vector_spacing == 0x0) || (SIZEOF (.vector_27) <= (_vector_spacing << 0x5))), function at exception vector 27 too large)

.vector_28      0x9d001580        0x8
 *(.vector_28)
 .vector_28     0x9d001580        0x8 c:/program files (x86)/microchip/xc32/v1.42/bin/bin/../../lib/gcc/pic32mx/4.8.3/../../../../pic32mx/lib\libpic32.a(vector28.o)
                0x9d001580                __vector_dispatch_28
                0x00000001                ASSERT (((_vector_spacing == 0x0) || (SIZEOF (.vector_28) <= (_vector_spacing << 0x5))), function at exception vector 28 too large)

.vector_29      0x9d0015a0        0x8
 *(.vector_29)
 .vector_29     0x9d0015a0        0x8 c:/program files (x86)/microchip/xc32/v1.42/bin/bin/../../lib/gcc/pic32mx/4.8.3/../../../../pic32mx/lib\libpic32.a(vector29.o)
                0x9d0015a0                __vector_dispatch_29
                0x00000001                ASSERT (((_vector_spacing == 0x0) || (SIZEOF (.vector_29) <= (_vector_spacing << 0x5))), function at exception vector 29 too large)

.vector_30      0x9d0015c0        0x8
 *(.vector_30)
 .vector_30     0x9d0015c0        0x8 c:/program files (x86)/microchip/xc32/v1.42/bin/bin/../../lib/gcc/pic32mx/4.8.3/../../../../pic32mx/lib\libpic32.a(vector30.o)
                0x9d0015c0                __vector_dispatch_30
                0x00000001                ASSERT (((_vector_spacing == 0x0) || (SIZEOF (.vector_30) <= (_vector_spacing << 0x5))), function at exception vector 30 too large)

.vector_31      0x9d0015e0        0x8
 *(.vector_31)
 .vector_31     0x9d0015e0        0x8 c:/program files (x86)/microchip/xc32/v1.42/bin/bin/../../lib/gcc/pic32mx/4.8.3/../../../../pic32mx/lib\libpic32.a(vector31.o)
                0x9d0015e0                __vector_dispatch_31
                0x00000001                ASSERT (((_vector_spacing == 0x0) || (SIZEOF (.vector_31) <= (_vector_spacing << 0x5))), function at exception vector 31 too large)

.vector_32      0x9d001600        0x8
 *(.vector_32)
 .vector_32     0x9d001600        0x8 c:/program files (x86)/microchip/xc32/v1.42/bin/bin/../../lib/gcc/pic32mx/4.8.3/../../../../pic32mx/lib\libpic32.a(vector32.o)
                0x9d001600                __vector_dispatch_32
                0x00000001                ASSERT (((_vector_spacing == 0x0) || (SIZEOF (.vector_32) <= (_vector_spacing << 0x5))), function at exception vector 32 too large)

.vector_33      0x9d001620        0x8
 *(.vector_33)
 .vector_33     0x9d001620        0x8 c:/program files (x86)/microchip/xc32/v1.42/bin/bin/../../lib/gcc/pic32mx/4.8.3/../../../../pic32mx/lib\libpic32.a(vector33.o)
                0x9d001620                __vector_dispatch_33
                0x00000001                ASSERT (((_vector_spacing == 0x0) || (SIZEOF (.vector_33) <= (_vector_spacing << 0x5))), function at exception vector 33 too large)

.vector_34      0x9d001640        0x8
 *(.vector_34)
 .vector_34     0x9d001640        0x8 c:/program files (x86)/microchip/xc32/v1.42/bin/bin/../../lib/gcc/pic32mx/4.8.3/../../../../pic32mx/lib\libpic32.a(vector34.o)
                0x9d001640                __vector_dispatch_34
                0x00000001                ASSERT (((_vector_spacing == 0x0) || (SIZEOF (.vector_34) <= (_vector_spacing << 0x5))), function at exception vector 34 too large)

.vector_35      0x9d001660        0x8
 *(.vector_35)
 .vector_35     0x9d001660        0x8 c:/program files (x86)/microchip/xc32/v1.42/bin/bin/../../lib/gcc/pic32mx/4.8.3/../../../../pic32mx/lib\libpic32.a(vector35.o)
                0x9d001660                __vector_dispatch_35
                0x00000001                ASSERT (((_vector_spacing == 0x0) || (SIZEOF (.vector_35) <= (_vector_spacing << 0x5))), function at exception vector 35 too large)

.vector_36      0x9d001680        0x8
 *(.vector_36)
 .vector_36     0x9d001680        0x8 c:/program files (x86)/microchip/xc32/v1.42/bin/bin/../../lib/gcc/pic32mx/4.8.3/../../../../pic32mx/lib\libpic32.a(vector36.o)
                0x9d001680                __vector_dispatch_36
                0x00000001                ASSERT (((_vector_spacing == 0x0) || (SIZEOF (.vector_36) <= (_vector_spacing << 0x5))), function at exception vector 36 too large)

.vector_37      0x9d0016a0        0x8
 *(.vector_37)
 .vector_37     0x9d0016a0        0x8 c:/program files (x86)/microchip/xc32/v1.42/bin/bin/../../lib/gcc/pic32mx/4.8.3/../../../../pic32mx/lib\libpic32.a(vector37.o)
                0x9d0016a0                __vector_dispatch_37
                0x00000001                ASSERT (((_vector_spacing == 0x0) || (SIZEOF (.vector_37) <= (_vector_spacing << 0x5))), function at exception vector 37 too large)

.vector_38      0x9d0016c0        0x8
 *(.vector_38)
 .vector_38     0x9d0016c0        0x8 c:/program files (x86)/microchip/xc32/v1.42/bin/bin/../../lib/gcc/pic32mx/4.8.3/../../../../pic32mx/lib\libpic32.a(vector38.o)
                0x9d0016c0                __vector_dispatch_38
                0x00000001                ASSERT (((_vector_spacing == 0x0) || (SIZEOF (.vector_38) <= (_vector_spacing << 0x5))), function at exception vector 38 too large)

.vector_39      0x9d0016e0        0x8
 *(.vector_39)
 .vector_39     0x9d0016e0        0x8 c:/program files (x86)/microchip/xc32/v1.42/bin/bin/../../lib/gcc/pic32mx/4.8.3/../../../../pic32mx/lib\libpic32.a(vector39.o)
                0x9d0016e0                __vector_dispatch_39
                0x00000001                ASSERT (((_vector_spacing == 0x0) || (SIZEOF (.vector_39) <= (_vector_spacing << 0x5))), function at exception vector 39 too large)

.vector_40      0x9d001700        0x8
 *(.vector_40)
 .vector_40     0x9d001700        0x8 c:/program files (x86)/microchip/xc32/v1.42/bin/bin/../../lib/gcc/pic32mx/4.8.3/../../../../pic32mx/lib\libpic32.a(vector40.o)
                0x9d001700                __vector_dispatch_40
                0x00000001                ASSERT (((_vector_spacing == 0x0) || (SIZEOF (.vector_40) <= (_vector_spacing << 0x5))), function at exception vector 40 too large)

.vector_41      0x9d001720        0x8
 *(.vector_41)
 .vector_41     0x9d001720        0x8 c:/program files (x86)/microchip/xc32/v1.42/bin/bin/../../lib/gcc/pic32mx/4.8.3/../../../../pic32mx/lib\libpic32.a(vector41.o)
                0x9d001720                __vector_dispatch_41
                0x00000001                ASSERT (((_vector_spacing == 0x0) || (SIZEOF (.vector_41) <= (_vector_spacing << 0x5))), function at exception vector 41 too large)

.vector_42      0x9d001740        0x8
 *(.vector_42)
 .vector_42     0x9d001740        0x8 c:/program files (x86)/microchip/xc32/v1.42/bin/bin/../../lib/gcc/pic32mx/4.8.3/../../../../pic32mx/lib\libpic32.a(vector42.o)
                0x9d001740                __vector_dispatch_42
                0x00000001                ASSERT (((_vector_spacing == 0x0) || (SIZEOF (.vector_42) <= (_vector_spacing << 0x5))), function at exception vector 42 too large)

.vector_43      0x9d001760        0x8
 *(.vector_43)
 .vector_43     0x9d001760        0x8 c:/program files (x86)/microchip/xc32/v1.42/bin/bin/../../lib/gcc/pic32mx/4.8.3/../../../../pic32mx/lib\libpic32.a(vector43.o)
                0x9d001760                __vector_dispatch_43
                0x00000001                ASSERT (((_vector_spacing == 0x0) || (SIZEOF (.vector_43) <= (_vector_spacing << 0x5))), function at exception vector 43 too large)

.vector_44      0x9d001780        0x8
 *(.vector_44)
 .vector_44     0x9d001780        0x8 c:/program files (x86)/microchip/xc32/v1.42/bin/bin/../../lib/gcc/pic32mx/4.8.3/../../../../pic32mx/lib\libpic32.a(vector44.o)
                0x9d001780                __vector_dispatch_44
                0x00000001                ASSERT (((_vector_spacing == 0x0) || (SIZEOF (.vector_44) <= (_vector_spacing << 0x5))), function at exception vector 44 too large)

.vector_45      0x9d0017a0        0x0
 *(.vector_45)
                0x00000001                ASSERT (((_vector_spacing == 0x0) || (SIZEOF (.vector_45) <= (_vector_spacing << 0x5))), function at exception vector 45 too large)

.vector_46      0x9d0017c0        0x0
 *(.vector_46)
                0x00000001                ASSERT (((_vector_spacing == 0x0) || (SIZEOF (.vector_46) <= (_vector_spacing << 0x5))), function at exception vector 46 too large)

.vector_47      0x9d0017e0        0x0
 *(.vector_47)
                0x00000001                ASSERT (((_vector_spacing == 0x0) || (SIZEOF (.vector_47) <= (_vector_spacing << 0x5))), function at exception vector 47 too large)

.vector_48      0x9d001800        0x0
 *(.vector_48)
                0x00000001                ASSERT (((_vector_spacing == 0x0) || (SIZEOF (.vector_48) <= (_vector_spacing << 0x5))), function at exception vector 48 too large)

.vector_49      0x9d001820        0x0
 *(.vector_49)
                0x00000001                ASSERT (((_vector_spacing == 0x0) || (SIZEOF (.vector_49) <= (_vector_spacing << 0x5))), function at exception vector 49 too large)

.vector_50      0x9d001840        0x0
 *(.vector_50)
                0x00000001                ASSERT (((_vector_spacing == 0x0) || (SIZEOF (.vector_50) <= (_vector_spacing << 0x5))), function at exception vector 50 too large)

.vector_51      0x9d001860        0x0
 *(.vector_51)
                0x00000001                ASSERT (((_vector_spacing == 0x0) || (SIZEOF (.vector_51) <= (_vector_spacing << 0x5))), function at exception vector 51 too large)

.vector_52      0x9d001880        0x0
 *(.vector_52)
                0x00000001                ASSERT (((_vector_spacing == 0x0) || (SIZEOF (.vector_52) <= (_vector_spacing << 0x5))), function at exception vector 52 too large)

.vector_53      0x9d0018a0        0x0
 *(.vector_53)
                0x00000001                ASSERT (((_vector_spacing == 0x0) || (SIZEOF (.vector_53) <= (_vector_spacing << 0x5))), function at exception vector 53 too large)

.vector_54      0x9d0018c0        0x0
 *(.vector_54)
                0x00000001                ASSERT (((_vector_spacing == 0x0) || (SIZEOF (.vector_54) <= (_vector_spacing << 0x5))), function at exception vector 54 too large)

.vector_55      0x9d0018e0        0x0
 *(.vector_55)
                0x00000001                ASSERT (((_vector_spacing == 0x0) || (SIZEOF (.vector_55) <= (_vector_spacing << 0x5))), function at exception vector 55 too large)

.vector_56      0x9d001900        0x0
 *(.vector_56)
                0x00000001                ASSERT (((_vector_spacing == 0x0) || (SIZEOF (.vector_56) <= (_vector_spacing << 0x5))), function at exception vector 56 too large)

.vector_57      0x9d001920        0x0
 *(.vector_57)
                0x00000001                ASSERT (((_vector_spacing == 0x0) || (SIZEOF (.vector_57) <= (_vector_spacing << 0x5))), function at exception vector 57 too large)

.vector_58      0x9d001940        0x0
 *(.vector_58)
                0x00000001                ASSERT (((_vector_spacing == 0x0) || (SIZEOF (.vector_58) <= (_vector_spacing << 0x5))), function at exception vector 58 too large)

.vector_59      0x9d001960        0x0
 *(.vector_59)
                0x00000001                ASSERT (((_vector_spacing == 0x0) || (SIZEOF (.vector_59) <= (_vector_spacing << 0x5))), function at exception vector 59 too large)

.vector_60      0x9d001980        0x0
 *(.vector_60)
                0x00000001                ASSERT (((_vector_spacing == 0x0) || (SIZEOF (.vector_60) <= (_vector_spacing << 0x5))), function at exception vector 60 too large)

.vector_61      0x9d0019a0        0x0
 *(.vector_61)
                0x00000001                ASSERT (((_vector_spacing == 0x0) || (SIZEOF (.vector_61) <= (_vector_spacing << 0x5))), function at exception vector 61 too large)

.vector_62      0x9d0019c0        0x0
 *(.vector_62)
                0x00000001                ASSERT (((_vector_spacing == 0x0) || (SIZEOF (.vector_62) <= (_vector_spacing << 0x5))), function at exception vector 62 too large)

.vector_63      0x9d0019e0        0x0
 *(.vector_63)
                0x00000001                ASSERT (((_vector_spacing == 0x0) || (SIZEOF (.vector_63) <= (_vector_spacing << 0x5))), function at exception vector 63 too large)

.startup
 *(.startup)

.text           0x9d002000        0x0
 *(.stub .gnu.linkonce.t.*)
 *(.text.*personality*)
 *(.mips16.fn.*)
 *(.mips16.call.*)
 *(.gnu.warning)
                0x9d002000                . = ALIGN (0x4)

.init           0x9d002000        0x0
 *crti.o(.init)
 *crtbegin.o(.init)
 *(EXCLUDE_FILE(*crtn.o *crtend?.o *crtend.o) .init)
 *crtend.o(.init)
 *crtn.o(.init)
                0x9d002000                . = ALIGN (0x4)

.fini           0x9d002000        0x0
 *(.fini)
                0x9d002000                . = ALIGN (0x4)

.preinit_array  0x9d002000        0x0
                0x9d002000                PROVIDE (__preinit_array_start, .)
 *(.preinit_array)
                0x9d002000                PROVIDE (__preinit_array_end, .)
                0x9d002000                . = ALIGN (0x4)

.init_array     0x9d002000        0x0
                0x9d002000                PROVIDE (__init_array_start, .)
 *(SORT(.init_array.*))
 *(.init_array)
                0x9d002000                PROVIDE (__init_array_end, .)
                0x9d002000                . = ALIGN (0x4)

.fini_array     0x9d002000        0x0
                0x9d002000                PROVIDE (__fini_array_start, .)
 *(SORT(.fini_array.*))
 *(.fini_array)
                0x9d002000                PROVIDE (__fini_array_end, .)
                0x9d002000                . = ALIGN (0x4)

.ctors          0x9d002000        0x0
 *crtbegin.o(.ctors)
 *crtbegin?.o(.ctors)
 *(EXCLUDE_FILE(*crtend?.o *crtend.o) .ctors)
 *(SORT(.ctors.*))
 *(.ctors)
                0x9d002000                . = ALIGN (0x4)

.dtors          0x9d002000        0x0
 *crtbegin.o(.dtors)
 *crtbegin?.o(.dtors)
 *(EXCLUDE_FILE(*crtend?.o *crtend.o) .dtors)
 *(SORT(.dtors.*))
 *(.dtors)
                0x9d002000                . = ALIGN (0x4)

.rodata         0x9d002000        0x0
 *(.gnu.linkonce.r.*)
 *(.rodata1)
                0x9d002000                . = ALIGN (0x4)

.sdata2         0x9d000490        0x0
 *(.sdata2 .sdata2.* .gnu.linkonce.s2.*)
                0x9d000490                . = ALIGN (0x4)

.sbss2          0x9d000490        0x0
 *(.sbss2 .sbss2.* .gnu.linkonce.sb2.*)
                0x9d000490                . = ALIGN (0x4)

.eh_frame_hdr
 *(.eh_frame_hdr)
                0x9d000490                . = ALIGN (0x4)

.eh_frame
 *(.eh_frame)
                0x9d000490                . = ALIGN (0x4)

.gcc_except_table
 *(.gcc_except_table .gcc_except_table.*)
                0x9d000490                . = ALIGN (0x4)

.dbg_data       0xa0000000        0x0
                0xa0000000                . = (. + DEFINED (_DEBUGGER)?0x200:0x0)

.jcr            0xa0000000        0x0
 *(.jcr)
                0xa0000000                . = ALIGN (0x4)

.eh_frame
 *(.eh_frame)
                0xa0000000                . = ALIGN (0x4)

.gcc_except_table
 *(.gcc_except_table .gcc_except_table.*)
                0xa0000000                . = ALIGN (0x4)

.persist        0xa0000000        0x0
                0xa0000000                _persist_begin = .
 *(.persist .persist.*)
 *(.pbss .pbss.*)
                0xa0000000                . = ALIGN (0x4)
                0xa0000000                _persist_end = .

.data           0xa0000000        0x0
 *(.gnu.linkonce.d.*)
 *(.data1)
                0xa0000000                . = ALIGN (0x4)
                0xa0000000                . = .
                0xa0007ff0                _gp = (ALIGN (0x10) + 0x7ff0)

.got            0xa0000000        0x0
 *(.got.plt)
 *(.got)
                0xa0000000                . = ALIGN (0x4)

.sdata          0xa0000000       0x20
                0xa0000000                _sdata_begin = .
 *(.sdata .sdata.* .gnu.linkonce.s.*)
 .sdata         0xa0000000        0x4 build/default/production/_ext/331920610/AD.o
 .sdata         0xa0000004        0x4 build/default/production/_ext/418869798/TemplateEventChecker.o
 .sdata         0xa0000008        0x4 build/default/production/_ext/418869798/TapeTrackingSubHSM.o
 .sdata         0xa000000c        0x8 build/default/production/_ext/418869798/FirstBeaconSubHSM.o
 .sdata         0xa0000014        0x8 build/default/production/_ext/331920610/RC_Servo.o
 .sdata         0xa000001c        0x4 c:/program files (x86)/microchip/xc32/v1.42/bin/bin/../../lib/gcc/pic32mx/4.8.3/../../../../pic32mx/lib\liblega-c.a(_iobdata.o)
                0xa000001c                _libc_data
                0xa0000020                . = ALIGN (0x4)
                0xa0000020                _sdata_end = .

.lit8
 *(.lit8)

.lit4
 *(.lit4)
                0xa0000020                . = ALIGN (0x4)
                0xa0000020                _data_end = .
                0xa0000020                _bss_begin = .

.sbss           0xa0000020       0xfc
                0xa0000020                _sbss_begin = .
 *(.dynsbss)
 *(.sbss .sbss.* .gnu.linkonce.sb.*)
 .sbss          0xa0000020       0x24 build/default/production/_ext/331920610/AD.o
 .sbss          0xa0000044        0x8 build/default/production/_ext/331920610/ES_Framework.o
 .sbss          0xa000004c        0x1 build/default/production/_ext/331920610/ES_KeyboardInput.o
 .sbss          0xa000004d        0x4 build/default/production/_ext/331920610/ES_TattleTale.o
 *fill*         0xa0000051        0x3 
 .sbss          0xa0000054       0x30 build/default/production/_ext/331920610/ES_Timers.o
 .sbss          0xa0000084        0xc build/default/production/_ext/331920610/pwm.o
 .sbss          0xa0000090        0x4 build/default/production/_ext/331920610/serial.o
 .sbss          0xa0000094        0x4 build/default/production/_ext/281976485/MyHelperFunctions.o
 .sbss          0xa0000098        0x2 build/default/production/_ext/331920610/LED.o
 *fill*         0xa000009a        0x2 
 .sbss          0xa000009c       0x18 build/default/production/_ext/418869798/TemplateEventChecker.o
 .sbss          0xa00000b4        0xc build/default/production/_ext/418869798/TapeTrackingSubHSM.o
 .sbss          0xa00000c0        0xc build/default/production/_ext/418869798/TopLevelHSM.o
 .sbss          0xa00000cc       0x1c build/default/production/_ext/418869798/TrackWireSubHSM.o
 .sbss          0xa00000e8       0x10 build/default/production/_ext/418869798/FirstBeaconSubHSM.o
 .sbss          0xa00000f8       0x14 build/default/production/_ext/331920610/RC_Servo.o
                0xa00000f8                RCenabled
 .sbss          0xa000010c        0x4 c:/program files (x86)/microchip/xc32/v1.42/bin/bin/../../lib/gcc/pic32mx/4.8.3/../../../../pic32mx/lib\liblega-c.a(errno.o)
                0xa000010c                errno
 *(.scommon)
 .scommon       0xa0000110        0x1 build/default/production/_ext/331920610/ES_Framework.o
                0xa0000110                Ready
 *fill*         0xa0000111        0x3 
 .scommon       0xa0000114        0x8 build/default/production/_ext/331920610/serial.o
                0xa0000114                transmitBuffer
                0xa0000118                receiveBuffer
                0xa000011c                _sbss_end = .
                0xa000011c                . = ALIGN (0x4)

.bss            0xa000011c      0x420
 *(.dynbss)
 *(COMMON)
 COMMON         0xa000011c      0x420 build/default/production/_ext/331920610/serial.o
                0xa000011c                outgoingUart
                0xa000032c                incomingUart
                0xa000053c                . = ALIGN ((. != 0x0)?0x4:0x1)
                0xa000053c                . = ALIGN (0x4)
                0xa000053c                _end = .
                0xa000053c                _bss_end = .
                0x00004000                _bmxdudba_address = 0x4000
                0x00004000                _bmxdupba_address = 0x4000

/DISCARD/
 *(.pdr)
 *(.rel.dyn)
 *(.note.GNU-stack)
 *(.note.GNU-stack)
 *(.gnu_debuglink)
 *(.gnu.lto_*)
 *(.discard)

.gptab.sdata
 *(.gptab.data)
 *(.gptab.sdata)

.gptab.sbss
 *(.gptab.bss)
 *(.gptab.sbss)

.mdebug.abi32   0xa000053c        0x0
 *(.mdebug.abi32)
 .mdebug.abi32  0xa000053c        0x0 build/default/production/_ext/331920610/AD.o
 .mdebug.abi32  0xa000053c        0x0 build/default/production/_ext/331920610/BOARD.o
 .mdebug.abi32  0xa000053c        0x0 build/default/production/_ext/331920610/ES_CheckEvents.o
 .mdebug.abi32  0xa000053c        0x0 build/default/production/_ext/331920610/ES_Framework.o
 .mdebug.abi32  0xa000053c        0x0 build/default/production/_ext/331920610/ES_KeyboardInput.o
 .mdebug.abi32  0xa000053c        0x0 build/default/production/_ext/331920610/ES_PostList.o
 .mdebug.abi32  0xa000053c        0x0 build/default/production/_ext/331920610/ES_Queue.o
 .mdebug.abi32  0xa000053c        0x0 build/default/production/_ext/331920610/ES_TattleTale.o
 .mdebug.abi32  0xa000053c        0x0 build/default/production/_ext/331920610/ES_Timers.o
 .mdebug.abi32  0xa000053c        0x0 build/default/production/_ext/331920610/IO_Ports.o
 .mdebug.abi32  0xa000053c        0x0 build/default/production/_ext/331920610/pwm.o
 .mdebug.abi32  0xa000053c        0x0 build/default/production/_ext/331920610/serial.o
 .mdebug.abi32  0xa000053c        0x0 build/default/production/_ext/418869798/TemplateES_Main.o
 .mdebug.abi32  0xa000053c        0x0 build/default/production/_ext/281976485/MyHelperFunctions.o
 .mdebug.abi32  0xa000053c        0x0 build/default/production/_ext/331920610/LED.o
 .mdebug.abi32  0xa000053c        0x0 build/default/production/_ext/418869798/TemplateEventChecker.o
 .mdebug.abi32  0xa000053c        0x0 build/default/production/_ext/418869798/TapeTrackingSubHSM.o
 .mdebug.abi32  0xa000053c        0x0 build/default/production/_ext/418869798/TopLevelHSM.o
 .mdebug.abi32  0xa000053c        0x0 build/default/production/_ext/418869798/TrackWireSubHSM.o
 .mdebug.abi32  0xa000053c        0x0 build/default/production/_ext/418869798/FirstBeaconSubHSM.o
 .mdebug.abi32  0xa000053c        0x0 build/default/production/_ext/331920610/RC_Servo.o
 .mdebug.abi32  0xa000053c        0x0 c:/program files (x86)/microchip/xc32/v1.42/bin/bin/../../lib/gcc/pic32mx/4.8.3/../../../../pic32mx/lib\libmchp_peripheral_32MX320F128H.a(int_configure_system_lib.o)
 .mdebug.abi32  0xa000053c        0x0 c:/program files (x86)/microchip/xc32/v1.42/bin/bin/../../lib/gcc/pic32mx/4.8.3/../../../../pic32mx/lib\libmchp_peripheral_32MX320F128H.a(int_enable_interrupts_lib.o)
 .mdebug.abi32  0xa000053c        0x0 c:/program files (x86)/microchip/xc32/v1.42/bin/bin/../../lib/gcc/pic32mx/4.8.3/../../../../pic32mx/lib\libmchp_peripheral_32MX320F128H.a(int_tbl_lib.o)
 .mdebug.abi32  0xa000053c        0x0 c:/program files (x86)/microchip/xc32/v1.42/bin/bin/../../lib/gcc/pic32mx/4.8.3/../../../../pic32mx/lib\libmchp_peripheral_32MX320F128H.a(power_sleep_lib.o)
 .mdebug.abi32  0xa000053c        0x0 c:/program files (x86)/microchip/xc32/v1.42/bin/bin/../../lib/gcc/pic32mx/4.8.3/../../../../pic32mx/lib\libmchp_peripheral_32MX320F128H.a(port_set_pins_digital_in_lib.o)
 .mdebug.abi32  0xa000053c        0x0 c:/program files (x86)/microchip/xc32/v1.42/bin/bin/../../lib/gcc/pic32mx/4.8.3/../../../../pic32mx/lib\libmchp_peripheral_32MX320F128H.a(_ports_tbl_libp.o)
 .mdebug.abi32  0xa000053c        0x0 c:/program files (x86)/microchip/xc32/v1.42/bin/bin/../../lib/gcc/pic32mx/4.8.3/../../../../pic32mx/lib\libmchp_peripheral_32MX320F128H.a(uart_lib.o)
 .mdebug.abi32  0xa000053c        0x0 c:/program files (x86)/microchip/xc32/v1.42/bin/bin/../../lib/gcc/pic32mx/4.8.3/../../../../pic32mx/lib\libmchp_peripheral_32MX320F128H.a(int_disable_interrupts_lib.o)
 .mdebug.abi32  0xa000053c        0x0 c:/program files (x86)/microchip/xc32/v1.42/bin/bin/../../lib/gcc/pic32mx/4.8.3/../../../../pic32mx/lib\libmchp_peripheral_32MX320F128H.a(int_restore_interrupts_lib.o)
 .mdebug.abi32  0xa000053c        0x0 c:/program files (x86)/microchip/xc32/v1.42/bin/bin/../../lib/gcc/pic32mx/4.8.3\libgcc.a(floatunsisf.o)
 .mdebug.abi32  0xa000053c        0x0 c:/program files (x86)/microchip/xc32/v1.42/bin/bin/../../lib/gcc/pic32mx/4.8.3/../../../../pic32mx/lib\libpic32.a(default-bootstrap-exception-handler.o)
 .mdebug.abi32  0xa000053c        0x0 c:/program files (x86)/microchip/xc32/v1.42/bin/bin/../../lib/gcc/pic32mx/4.8.3/../../../../pic32mx/lib\libpic32.a(default-on-reset.o)
 .mdebug.abi32  0xa000053c        0x0 c:/program files (x86)/microchip/xc32/v1.42/bin/bin/../../lib/gcc/pic32mx/4.8.3/../../../../pic32mx/lib\libpic32.a(default-on-bootstrap.o)
 .mdebug.abi32  0xa000053c        0x0 c:/program files (x86)/microchip/xc32/v1.42/bin/bin/../../lib/gcc/pic32mx/4.8.3/../../../../pic32mx/lib\libpic32.a(default-general-exception-handler.o)
 .mdebug.abi32  0xa000053c        0x0 c:/program files (x86)/microchip/xc32/v1.42/bin/bin/../../lib/gcc/pic32mx/4.8.3/../../../../pic32mx/lib\libpic32.a(defaultinterrupt.o)
 .mdebug.abi32  0xa000053c        0x0 c:/program files (x86)/microchip/xc32/v1.42/bin/bin/../../lib/gcc/pic32mx/4.8.3/../../../../pic32mx/lib\liblega-c.a(fputc.o)
 .mdebug.abi32  0xa000053c        0x0 c:/program files (x86)/microchip/xc32/v1.42/bin/bin/../../lib/gcc/pic32mx/4.8.3/../../../../pic32mx/lib\liblega-c.a(fputs.o)
 .mdebug.abi32  0xa000053c        0x0 c:/program files (x86)/microchip/xc32/v1.42/bin/bin/../../lib/gcc/pic32mx/4.8.3/../../../../pic32mx/lib\liblega-c.a(printf_cdnopsuxX.eo)
 .mdebug.abi32  0xa000053c        0x0 c:/program files (x86)/microchip/xc32/v1.42/bin/bin/../../lib/gcc/pic32mx/4.8.3/../../../../pic32mx/lib\liblega-c.a(strlen.o)
 .mdebug.abi32  0xa000053c        0x0 c:/program files (x86)/microchip/xc32/v1.42/bin/bin/../../lib/gcc/pic32mx/4.8.3/../../../../pic32mx/lib\liblega-c.a(_doprnt_cdnopsuxX.eo)
 .mdebug.abi32  0xa000053c        0x0 c:/program files (x86)/microchip/xc32/v1.42/bin/bin/../../lib/gcc/pic32mx/4.8.3/../../../../pic32mx/lib\liblega-c.a(_iobdata.o)
 .mdebug.abi32  0xa000053c        0x0 c:/program files (x86)/microchip/xc32/v1.42/bin/bin/../../lib/gcc/pic32mx/4.8.3/../../../../pic32mx/lib\liblega-c.a(_iobfuncs.o)
 .mdebug.abi32  0xa000053c        0x0 c:/program files (x86)/microchip/xc32/v1.42/bin/bin/../../lib/gcc/pic32mx/4.8.3/../../../../pic32mx/lib\liblega-c.a(errno.o)
 .mdebug.abi32  0xa000053c        0x0 c:/program files (x86)/microchip/xc32/v1.42/bin/bin/../../lib/gcc/pic32mx/4.8.3/../../../../pic32mx/lib\libpic32.a(_mon_write.o)
 .mdebug.abi32  0xa000053c        0x0 c:/program files (x86)/microchip/xc32/v1.42/bin/bin/../../lib/gcc/pic32mx/4.8.3\libgcc.a(_udivdi3.o)
 .mdebug.abi32  0xa000053c        0x0 c:/program files (x86)/microchip/xc32/v1.42/bin/bin/../../lib/gcc/pic32mx/4.8.3\libgcc.a(_umoddi3.o)

.mdebug.abiN32
 *(.mdebug.abiN32)

.mdebug.abi64
 *(.mdebug.abi64)

.mdebug.abiO64
 *(.mdebug.abiO64)

.mdebug.eabi32
 *(.mdebug.eabi32)

.mdebug.eabi64
 *(.mdebug.eabi64)

.gcc_compiled_long32
 *(.gcc_compiled_long32)

.gcc_compiled_long64
 *(.gcc_compiled_long64)

.stab
 *(.stab)

.stabstr
 *(.stabstr)

.stab.excl
 *(.stab.excl)

.stab.exclstr
 *(.stab.exclstr)

.stab.index
 *(.stab.index)

.stab.indexstr
 *(.stab.indexstr)

.comment        0x00000000      0x2ff
 *(.comment)
 .comment       0x00000000       0x3c build/default/production/_ext/331920610/AD.o
                                 0x3d (size before relaxing)
 .comment       0x00000000       0x3d build/default/production/_ext/331920610/BOARD.o
 .comment       0x00000000       0x3d build/default/production/_ext/331920610/ES_CheckEvents.o
 .comment       0x00000000       0x3d build/default/production/_ext/331920610/ES_Framework.o
 .comment       0x00000000       0x3d build/default/production/_ext/331920610/ES_KeyboardInput.o
 .comment       0x00000000       0x3d build/default/production/_ext/331920610/ES_PostList.o
 .comment       0x00000000       0x3d build/default/production/_ext/331920610/ES_Queue.o
 .comment       0x00000000       0x3d build/default/production/_ext/331920610/ES_TattleTale.o
 .comment       0x00000000       0x3d build/default/production/_ext/331920610/ES_Timers.o
 .comment       0x00000000       0x3d build/default/production/_ext/331920610/IO_Ports.o
 .comment       0x00000000       0x3d build/default/production/_ext/331920610/pwm.o
 .comment       0x00000000       0x3d build/default/production/_ext/331920610/serial.o
 .comment       0x00000000       0x3d build/default/production/_ext/418869798/TemplateES_Main.o
 .comment       0x00000000       0x3d build/default/production/_ext/281976485/MyHelperFunctions.o
 .comment       0x00000000       0x3d build/default/production/_ext/331920610/LED.o
 .comment       0x00000000       0x3d build/default/production/_ext/418869798/TemplateEventChecker.o
 .comment       0x00000000       0x3d build/default/production/_ext/418869798/TapeTrackingSubHSM.o
 .comment       0x00000000       0x3d build/default/production/_ext/418869798/TopLevelHSM.o
 .comment       0x00000000       0x3d build/default/production/_ext/418869798/TrackWireSubHSM.o
 .comment       0x00000000       0x3d build/default/production/_ext/418869798/FirstBeaconSubHSM.o
 .comment       0x00000000       0x3d build/default/production/_ext/331920610/RC_Servo.o
 .comment       0x0000003c       0x3c c:/program files (x86)/microchip/xc32/v1.42/bin/bin/../../lib/gcc/pic32mx/4.8.3/../../../../pic32mx/lib\libmchp_peripheral_32MX320F128H.a(int_configure_system_lib.o)
                                 0x3d (size before relaxing)
 .comment       0x00000000       0x3d c:/program files (x86)/microchip/xc32/v1.42/bin/bin/../../lib/gcc/pic32mx/4.8.3/../../../../pic32mx/lib\libmchp_peripheral_32MX320F128H.a(int_enable_interrupts_lib.o)
 .comment       0x00000000       0x3d c:/program files (x86)/microchip/xc32/v1.42/bin/bin/../../lib/gcc/pic32mx/4.8.3/../../../../pic32mx/lib\libmchp_peripheral_32MX320F128H.a(int_tbl_lib.o)
 .comment       0x00000000       0x3d c:/program files (x86)/microchip/xc32/v1.42/bin/bin/../../lib/gcc/pic32mx/4.8.3/../../../../pic32mx/lib\libmchp_peripheral_32MX320F128H.a(power_sleep_lib.o)
 .comment       0x00000000       0x3d c:/program files (x86)/microchip/xc32/v1.42/bin/bin/../../lib/gcc/pic32mx/4.8.3/../../../../pic32mx/lib\libmchp_peripheral_32MX320F128H.a(port_set_pins_digital_in_lib.o)
 .comment       0x00000000       0x3d c:/program files (x86)/microchip/xc32/v1.42/bin/bin/../../lib/gcc/pic32mx/4.8.3/../../../../pic32mx/lib\libmchp_peripheral_32MX320F128H.a(_ports_tbl_libp.o)
 .comment       0x00000000       0x3d c:/program files (x86)/microchip/xc32/v1.42/bin/bin/../../lib/gcc/pic32mx/4.8.3/../../../../pic32mx/lib\libmchp_peripheral_32MX320F128H.a(uart_lib.o)
 .comment       0x00000000       0x3d c:/program files (x86)/microchip/xc32/v1.42/bin/bin/../../lib/gcc/pic32mx/4.8.3/../../../../pic32mx/lib\libmchp_peripheral_32MX320F128H.a(int_disable_interrupts_lib.o)
 .comment       0x00000000       0x3d c:/program files (x86)/microchip/xc32/v1.42/bin/bin/../../lib/gcc/pic32mx/4.8.3/../../../../pic32mx/lib\libmchp_peripheral_32MX320F128H.a(int_restore_interrupts_lib.o)
 .comment       0x00000000       0x3d c:/program files (x86)/microchip/xc32/v1.42/bin/bin/../../lib/gcc/pic32mx/4.8.3\libgcc.a(floatunsisf.o)
 .comment       0x00000000       0x3d c:/program files (x86)/microchip/xc32/v1.42/bin/bin/../../lib/gcc/pic32mx/4.8.3/../../../../pic32mx/lib\libpic32.a(default-bootstrap-exception-handler.o)
 .comment       0x00000000       0x3d c:/program files (x86)/microchip/xc32/v1.42/bin/bin/../../lib/gcc/pic32mx/4.8.3/../../../../pic32mx/lib\libpic32.a(default-on-reset.o)
 .comment       0x00000000       0x3d c:/program files (x86)/microchip/xc32/v1.42/bin/bin/../../lib/gcc/pic32mx/4.8.3/../../../../pic32mx/lib\libpic32.a(default-on-bootstrap.o)
 .comment       0x00000000       0x3d c:/program files (x86)/microchip/xc32/v1.42/bin/bin/../../lib/gcc/pic32mx/4.8.3/../../../../pic32mx/lib\libpic32.a(default-general-exception-handler.o)
 .comment       0x00000000       0x3d c:/program files (x86)/microchip/xc32/v1.42/bin/bin/../../lib/gcc/pic32mx/4.8.3/../../../../pic32mx/lib\libpic32.a(defaultinterrupt.o)
 .comment       0x00000078       0x50 c:/program files (x86)/microchip/xc32/v1.42/bin/bin/../../lib/gcc/pic32mx/4.8.3/../../../../pic32mx/lib\liblega-c.a(fputc.o)
                                 0x8d (size before relaxing)
 .comment       0x000000c8       0x50 c:/program files (x86)/microchip/xc32/v1.42/bin/bin/../../lib/gcc/pic32mx/4.8.3/../../../../pic32mx/lib\liblega-c.a(fputs.o)
                                 0x8d (size before relaxing)
 .comment       0x00000118       0x51 c:/program files (x86)/microchip/xc32/v1.42/bin/bin/../../lib/gcc/pic32mx/4.8.3/../../../../pic32mx/lib\liblega-c.a(printf_cdnopsuxX.eo)
                                 0x8e (size before relaxing)
 .comment       0x00000169       0x4f c:/program files (x86)/microchip/xc32/v1.42/bin/bin/../../lib/gcc/pic32mx/4.8.3/../../../../pic32mx/lib\liblega-c.a(strlen.o)
                                 0x8c (size before relaxing)
 .comment       0x000001b8       0x52 c:/program files (x86)/microchip/xc32/v1.42/bin/bin/../../lib/gcc/pic32mx/4.8.3/../../../../pic32mx/lib\liblega-c.a(_doprnt_cdnopsuxX.eo)
                                 0x8f (size before relaxing)
 .comment       0x0000020a       0x53 c:/program files (x86)/microchip/xc32/v1.42/bin/bin/../../lib/gcc/pic32mx/4.8.3/../../../../pic32mx/lib\liblega-c.a(_iobdata.o)
                                 0x90 (size before relaxing)
 .comment       0x0000025d       0x54 c:/program files (x86)/microchip/xc32/v1.42/bin/bin/../../lib/gcc/pic32mx/4.8.3/../../../../pic32mx/lib\liblega-c.a(_iobfuncs.o)
                                 0x91 (size before relaxing)
 .comment       0x000002b1       0x4e c:/program files (x86)/microchip/xc32/v1.42/bin/bin/../../lib/gcc/pic32mx/4.8.3/../../../../pic32mx/lib\liblega-c.a(errno.o)
                                 0x8b (size before relaxing)
 .comment       0x00000000       0x3d c:/program files (x86)/microchip/xc32/v1.42/bin/bin/../../lib/gcc/pic32mx/4.8.3/../../../../pic32mx/lib\libpic32.a(_mon_write.o)
 .comment       0x00000000       0x3d c:/program files (x86)/microchip/xc32/v1.42/bin/bin/../../lib/gcc/pic32mx/4.8.3\libgcc.a(_udivdi3.o)
 .comment       0x00000000       0x3d c:/program files (x86)/microchip/xc32/v1.42/bin/bin/../../lib/gcc/pic32mx/4.8.3\libgcc.a(_umoddi3.o)

.debug
 *(.debug)

.line
 *(.line)

.debug_srcinfo
 *(.debug_srcinfo)

.debug_sfnames
 *(.debug_sfnames)

.debug_aranges  0x00000000      0x530
 *(.debug_aranges)
 .debug_aranges
                0x00000000       0x20 build/default/production/_ext/331920610/AD.o
 .debug_aranges
                0x00000020       0x20 build/default/production/_ext/331920610/BOARD.o
 .debug_aranges
                0x00000040       0x20 build/default/production/_ext/331920610/ES_CheckEvents.o
 .debug_aranges
                0x00000060       0x20 build/default/production/_ext/331920610/ES_Framework.o
 .debug_aranges
                0x00000080       0x20 build/default/production/_ext/331920610/ES_KeyboardInput.o
 .debug_aranges
                0x000000a0       0x18 build/default/production/_ext/331920610/ES_PostList.o
 .debug_aranges
                0x000000b8       0x20 build/default/production/_ext/331920610/ES_Queue.o
 .debug_aranges
                0x000000d8       0x20 build/default/production/_ext/331920610/ES_TattleTale.o
 .debug_aranges
                0x000000f8       0x20 build/default/production/_ext/331920610/ES_Timers.o
 .debug_aranges
                0x00000118       0x20 build/default/production/_ext/331920610/IO_Ports.o
 .debug_aranges
                0x00000138       0x20 build/default/production/_ext/331920610/pwm.o
 .debug_aranges
                0x00000158       0x20 build/default/production/_ext/331920610/serial.o
 .debug_aranges
                0x00000178       0x20 build/default/production/_ext/418869798/TemplateES_Main.o
 .debug_aranges
                0x00000198       0x20 build/default/production/_ext/281976485/MyHelperFunctions.o
 .debug_aranges
                0x000001b8       0x20 build/default/production/_ext/331920610/LED.o
 .debug_aranges
                0x000001d8       0x20 build/default/production/_ext/418869798/TemplateEventChecker.o
 .debug_aranges
                0x000001f8       0x20 build/default/production/_ext/418869798/TapeTrackingSubHSM.o
 .debug_aranges
                0x00000218       0x20 build/default/production/_ext/418869798/TopLevelHSM.o
 .debug_aranges
                0x00000238       0x20 build/default/production/_ext/418869798/TrackWireSubHSM.o
 .debug_aranges
                0x00000258       0x20 build/default/production/_ext/418869798/FirstBeaconSubHSM.o
 .debug_aranges
                0x00000278       0x20 build/default/production/_ext/331920610/RC_Servo.o
 .debug_aranges
                0x00000298       0x20 c:/program files (x86)/microchip/xc32/v1.42/bin/bin/../../lib/gcc/pic32mx/4.8.3/../../../../pic32mx/lib\libmchp_peripheral_32MX320F128H.a(int_configure_system_lib.o)
 .debug_aranges
                0x000002b8       0x20 c:/program files (x86)/microchip/xc32/v1.42/bin/bin/../../lib/gcc/pic32mx/4.8.3/../../../../pic32mx/lib\libmchp_peripheral_32MX320F128H.a(int_enable_interrupts_lib.o)
 .debug_aranges
                0x000002d8       0x60 c:/program files (x86)/microchip/xc32/v1.42/bin/bin/../../lib/gcc/pic32mx/4.8.3/../../../../pic32mx/lib\libmchp_peripheral_32MX320F128H.a(int_tbl_lib.o)
 .debug_aranges
                0x00000338       0x20 c:/program files (x86)/microchip/xc32/v1.42/bin/bin/../../lib/gcc/pic32mx/4.8.3/../../../../pic32mx/lib\libmchp_peripheral_32MX320F128H.a(power_sleep_lib.o)
 .debug_aranges
                0x00000358       0x20 c:/program files (x86)/microchip/xc32/v1.42/bin/bin/../../lib/gcc/pic32mx/4.8.3/../../../../pic32mx/lib\libmchp_peripheral_32MX320F128H.a(port_set_pins_digital_in_lib.o)
 .debug_aranges
                0x00000378       0x58 c:/program files (x86)/microchip/xc32/v1.42/bin/bin/../../lib/gcc/pic32mx/4.8.3/../../../../pic32mx/lib\libmchp_peripheral_32MX320F128H.a(uart_lib.o)
 .debug_aranges
                0x000003d0       0x20 c:/program files (x86)/microchip/xc32/v1.42/bin/bin/../../lib/gcc/pic32mx/4.8.3/../../../../pic32mx/lib\libmchp_peripheral_32MX320F128H.a(int_disable_interrupts_lib.o)
 .debug_aranges
                0x000003f0       0x20 c:/program files (x86)/microchip/xc32/v1.42/bin/bin/../../lib/gcc/pic32mx/4.8.3/../../../../pic32mx/lib\libmchp_peripheral_32MX320F128H.a(int_restore_interrupts_lib.o)
 .debug_aranges
                0x00000410       0x20 c:/program files (x86)/microchip/xc32/v1.42/bin/bin/../../lib/gcc/pic32mx/4.8.3\libgcc.a(floatunsisf.o)
 .debug_aranges
                0x00000430       0x20 c:/program files (x86)/microchip/xc32/v1.42/bin/bin/../../lib/gcc/pic32mx/4.8.3/../../../../pic32mx/lib\libpic32.a(default-bootstrap-exception-handler.o)
 .debug_aranges
                0x00000450       0x20 c:/program files (x86)/microchip/xc32/v1.42/bin/bin/../../lib/gcc/pic32mx/4.8.3/../../../../pic32mx/lib\libpic32.a(default-on-reset.o)
 .debug_aranges
                0x00000470       0x20 c:/program files (x86)/microchip/xc32/v1.42/bin/bin/../../lib/gcc/pic32mx/4.8.3/../../../../pic32mx/lib\libpic32.a(default-on-bootstrap.o)
 .debug_aranges
                0x00000490       0x20 c:/program files (x86)/microchip/xc32/v1.42/bin/bin/../../lib/gcc/pic32mx/4.8.3/../../../../pic32mx/lib\libpic32.a(default-general-exception-handler.o)
 .debug_aranges
                0x000004b0       0x20 c:/program files (x86)/microchip/xc32/v1.42/bin/bin/../../lib/gcc/pic32mx/4.8.3/../../../../pic32mx/lib\libpic32.a(defaultinterrupt.o)
 .debug_aranges
                0x000004d0       0x20 c:/program files (x86)/microchip/xc32/v1.42/bin/bin/../../lib/gcc/pic32mx/4.8.3/../../../../pic32mx/lib\libpic32.a(_mon_write.o)
 .debug_aranges
                0x000004f0       0x20 c:/program files (x86)/microchip/xc32/v1.42/bin/bin/../../lib/gcc/pic32mx/4.8.3\libgcc.a(_udivdi3.o)
 .debug_aranges
                0x00000510       0x20 c:/program files (x86)/microchip/xc32/v1.42/bin/bin/../../lib/gcc/pic32mx/4.8.3\libgcc.a(_umoddi3.o)

.debug_pubnames
 *(.debug_pubnames)

.debug_info     0x00000000     0xf974
 *(.debug_info .gnu.linkonce.wi.*)
 .debug_info    0x00000000      0xe2f build/default/production/_ext/331920610/AD.o
 .debug_info    0x00000e2f     0x1095 build/default/production/_ext/331920610/BOARD.o
 .debug_info    0x00001ec4      0x22d build/default/production/_ext/331920610/ES_CheckEvents.o
 .debug_info    0x000020f1      0x7ad build/default/production/_ext/331920610/ES_Framework.o
 .debug_info    0x0000289e      0x5f1 build/default/production/_ext/331920610/ES_KeyboardInput.o
 .debug_info    0x00002e8f      0x14e build/default/production/_ext/331920610/ES_PostList.o
 .debug_info    0x00002fdd      0x5a7 build/default/production/_ext/331920610/ES_Queue.o
 .debug_info    0x00003584      0x6a6 build/default/production/_ext/331920610/ES_TattleTale.o
 .debug_info    0x00003c2a      0x85e build/default/production/_ext/331920610/ES_Timers.o
 .debug_info    0x00004488      0xf9b build/default/production/_ext/331920610/IO_Ports.o
 .debug_info    0x00005423      0x9a5 build/default/production/_ext/331920610/pwm.o
 .debug_info    0x00005dc8     0x1c68 build/default/production/_ext/331920610/serial.o
 .debug_info    0x00007a30      0x204 build/default/production/_ext/418869798/TemplateES_Main.o
 .debug_info    0x00007c34      0xf87 build/default/production/_ext/281976485/MyHelperFunctions.o
 .debug_info    0x00008bbb     0x1637 build/default/production/_ext/331920610/LED.o
 .debug_info    0x0000a1f2      0x9b8 build/default/production/_ext/418869798/TemplateEventChecker.o
 .debug_info    0x0000abaa      0x5d5 build/default/production/_ext/418869798/TapeTrackingSubHSM.o
 .debug_info    0x0000b17f      0x6af build/default/production/_ext/418869798/TopLevelHSM.o
 .debug_info    0x0000b82e      0x676 build/default/production/_ext/418869798/TrackWireSubHSM.o
 .debug_info    0x0000bea4      0x585 build/default/production/_ext/418869798/FirstBeaconSubHSM.o
 .debug_info    0x0000c429     0x187b build/default/production/_ext/331920610/RC_Servo.o
 .debug_info    0x0000dca4       0xb0 c:/program files (x86)/microchip/xc32/v1.42/bin/bin/../../lib/gcc/pic32mx/4.8.3/../../../../pic32mx/lib\libmchp_peripheral_32MX320F128H.a(int_configure_system_lib.o)
 .debug_info    0x0000dd54       0xb2 c:/program files (x86)/microchip/xc32/v1.42/bin/bin/../../lib/gcc/pic32mx/4.8.3/../../../../pic32mx/lib\libmchp_peripheral_32MX320F128H.a(int_enable_interrupts_lib.o)
 .debug_info    0x0000de06      0x19c c:/program files (x86)/microchip/xc32/v1.42/bin/bin/../../lib/gcc/pic32mx/4.8.3/../../../../pic32mx/lib\libmchp_peripheral_32MX320F128H.a(int_tbl_lib.o)
 .debug_info    0x0000dfa2       0xa5 c:/program files (x86)/microchip/xc32/v1.42/bin/bin/../../lib/gcc/pic32mx/4.8.3/../../../../pic32mx/lib\libmchp_peripheral_32MX320F128H.a(power_sleep_lib.o)
 .debug_info    0x0000e047       0xb8 c:/program files (x86)/microchip/xc32/v1.42/bin/bin/../../lib/gcc/pic32mx/4.8.3/../../../../pic32mx/lib\libmchp_peripheral_32MX320F128H.a(port_set_pins_digital_in_lib.o)
 .debug_info    0x0000e0ff      0x17a c:/program files (x86)/microchip/xc32/v1.42/bin/bin/../../lib/gcc/pic32mx/4.8.3/../../../../pic32mx/lib\libmchp_peripheral_32MX320F128H.a(uart_lib.o)
 .debug_info    0x0000e279       0xb4 c:/program files (x86)/microchip/xc32/v1.42/bin/bin/../../lib/gcc/pic32mx/4.8.3/../../../../pic32mx/lib\libmchp_peripheral_32MX320F128H.a(int_disable_interrupts_lib.o)
 .debug_info    0x0000e32d       0xb4 c:/program files (x86)/microchip/xc32/v1.42/bin/bin/../../lib/gcc/pic32mx/4.8.3/../../../../pic32mx/lib\libmchp_peripheral_32MX320F128H.a(int_restore_interrupts_lib.o)
 .debug_info    0x0000e3e1      0x131 c:/program files (x86)/microchip/xc32/v1.42/bin/bin/../../lib/gcc/pic32mx/4.8.3\libgcc.a(floatunsisf.o)
 .debug_info    0x0000e512       0xf5 c:/program files (x86)/microchip/xc32/v1.42/bin/bin/../../lib/gcc/pic32mx/4.8.3/../../../../pic32mx/lib\libpic32.a(default-bootstrap-exception-handler.o)
 .debug_info    0x0000e607       0xcf c:/program files (x86)/microchip/xc32/v1.42/bin/bin/../../lib/gcc/pic32mx/4.8.3/../../../../pic32mx/lib\libpic32.a(default-on-reset.o)
 .debug_info    0x0000e6d6       0xd7 c:/program files (x86)/microchip/xc32/v1.42/bin/bin/../../lib/gcc/pic32mx/4.8.3/../../../../pic32mx/lib\libpic32.a(default-on-bootstrap.o)
 .debug_info    0x0000e7ad       0xf1 c:/program files (x86)/microchip/xc32/v1.42/bin/bin/../../lib/gcc/pic32mx/4.8.3/../../../../pic32mx/lib\libpic32.a(default-general-exception-handler.o)
 .debug_info    0x0000e89e       0xe9 c:/program files (x86)/microchip/xc32/v1.42/bin/bin/../../lib/gcc/pic32mx/4.8.3/../../../../pic32mx/lib\libpic32.a(defaultinterrupt.o)
 .debug_info    0x0000e987       0xca c:/program files (x86)/microchip/xc32/v1.42/bin/bin/../../lib/gcc/pic32mx/4.8.3/../../../../pic32mx/lib\libpic32.a(_mon_write.o)
 .debug_info    0x0000ea51      0x773 c:/program files (x86)/microchip/xc32/v1.42/bin/bin/../../lib/gcc/pic32mx/4.8.3\libgcc.a(_udivdi3.o)
 .debug_info    0x0000f1c4      0x7b0 c:/program files (x86)/microchip/xc32/v1.42/bin/bin/../../lib/gcc/pic32mx/4.8.3\libgcc.a(_umoddi3.o)

.debug_abbrev   0x00000000     0x216d
 *(.debug_abbrev)
 .debug_abbrev  0x00000000      0x192 build/default/production/_ext/331920610/AD.o
 .debug_abbrev  0x00000192      0x16b build/default/production/_ext/331920610/BOARD.o
 .debug_abbrev  0x000002fd       0x9a build/default/production/_ext/331920610/ES_CheckEvents.o
 .debug_abbrev  0x00000397      0x169 build/default/production/_ext/331920610/ES_Framework.o
 .debug_abbrev  0x00000500      0x18c build/default/production/_ext/331920610/ES_KeyboardInput.o
 .debug_abbrev  0x0000068c       0x4c build/default/production/_ext/331920610/ES_PostList.o
 .debug_abbrev  0x000006d8       0xf6 build/default/production/_ext/331920610/ES_Queue.o
 .debug_abbrev  0x000007ce      0x18e build/default/production/_ext/331920610/ES_TattleTale.o
 .debug_abbrev  0x0000095c      0x1c5 build/default/production/_ext/331920610/ES_Timers.o
 .debug_abbrev  0x00000b21      0x196 build/default/production/_ext/331920610/IO_Ports.o
 .debug_abbrev  0x00000cb7      0x1c4 build/default/production/_ext/331920610/pwm.o
 .debug_abbrev  0x00000e7b      0x274 build/default/production/_ext/331920610/serial.o
 .debug_abbrev  0x000010ef       0x8b build/default/production/_ext/418869798/TemplateES_Main.o
 .debug_abbrev  0x0000117a      0x14b build/default/production/_ext/281976485/MyHelperFunctions.o
 .debug_abbrev  0x000012c5      0x201 build/default/production/_ext/331920610/LED.o
 .debug_abbrev  0x000014c6      0x157 build/default/production/_ext/418869798/TemplateEventChecker.o
 .debug_abbrev  0x0000161d       0xd6 build/default/production/_ext/418869798/TapeTrackingSubHSM.o
 .debug_abbrev  0x000016f3      0x154 build/default/production/_ext/418869798/TopLevelHSM.o
 .debug_abbrev  0x00001847       0xd6 build/default/production/_ext/418869798/TrackWireSubHSM.o
 .debug_abbrev  0x0000191d       0xd6 build/default/production/_ext/418869798/FirstBeaconSubHSM.o
 .debug_abbrev  0x000019f3      0x253 build/default/production/_ext/331920610/RC_Servo.o
 .debug_abbrev  0x00001c46       0x28 c:/program files (x86)/microchip/xc32/v1.42/bin/bin/../../lib/gcc/pic32mx/4.8.3/../../../../pic32mx/lib\libmchp_peripheral_32MX320F128H.a(int_configure_system_lib.o)
 .debug_abbrev  0x00001c6e       0x28 c:/program files (x86)/microchip/xc32/v1.42/bin/bin/../../lib/gcc/pic32mx/4.8.3/../../../../pic32mx/lib\libmchp_peripheral_32MX320F128H.a(int_enable_interrupts_lib.o)
 .debug_abbrev  0x00001c96       0x28 c:/program files (x86)/microchip/xc32/v1.42/bin/bin/../../lib/gcc/pic32mx/4.8.3/../../../../pic32mx/lib\libmchp_peripheral_32MX320F128H.a(int_tbl_lib.o)
 .debug_abbrev  0x00001cbe       0x28 c:/program files (x86)/microchip/xc32/v1.42/bin/bin/../../lib/gcc/pic32mx/4.8.3/../../../../pic32mx/lib\libmchp_peripheral_32MX320F128H.a(power_sleep_lib.o)
 .debug_abbrev  0x00001ce6       0x28 c:/program files (x86)/microchip/xc32/v1.42/bin/bin/../../lib/gcc/pic32mx/4.8.3/../../../../pic32mx/lib\libmchp_peripheral_32MX320F128H.a(port_set_pins_digital_in_lib.o)
 .debug_abbrev  0x00001d0e       0x3e c:/program files (x86)/microchip/xc32/v1.42/bin/bin/../../lib/gcc/pic32mx/4.8.3/../../../../pic32mx/lib\libmchp_peripheral_32MX320F128H.a(uart_lib.o)
 .debug_abbrev  0x00001d4c       0x28 c:/program files (x86)/microchip/xc32/v1.42/bin/bin/../../lib/gcc/pic32mx/4.8.3/../../../../pic32mx/lib\libmchp_peripheral_32MX320F128H.a(int_disable_interrupts_lib.o)
 .debug_abbrev  0x00001d74       0x28 c:/program files (x86)/microchip/xc32/v1.42/bin/bin/../../lib/gcc/pic32mx/4.8.3/../../../../pic32mx/lib\libmchp_peripheral_32MX320F128H.a(int_restore_interrupts_lib.o)
 .debug_abbrev  0x00001d9c       0x62 c:/program files (x86)/microchip/xc32/v1.42/bin/bin/../../lib/gcc/pic32mx/4.8.3\libgcc.a(floatunsisf.o)
 .debug_abbrev  0x00001dfe       0x28 c:/program files (x86)/microchip/xc32/v1.42/bin/bin/../../lib/gcc/pic32mx/4.8.3/../../../../pic32mx/lib\libpic32.a(default-bootstrap-exception-handler.o)
 .debug_abbrev  0x00001e26       0x28 c:/program files (x86)/microchip/xc32/v1.42/bin/bin/../../lib/gcc/pic32mx/4.8.3/../../../../pic32mx/lib\libpic32.a(default-on-reset.o)
 .debug_abbrev  0x00001e4e       0x28 c:/program files (x86)/microchip/xc32/v1.42/bin/bin/../../lib/gcc/pic32mx/4.8.3/../../../../pic32mx/lib\libpic32.a(default-on-bootstrap.o)
 .debug_abbrev  0x00001e76       0x28 c:/program files (x86)/microchip/xc32/v1.42/bin/bin/../../lib/gcc/pic32mx/4.8.3/../../../../pic32mx/lib\libpic32.a(default-general-exception-handler.o)
 .debug_abbrev  0x00001e9e       0x28 c:/program files (x86)/microchip/xc32/v1.42/bin/bin/../../lib/gcc/pic32mx/4.8.3/../../../../pic32mx/lib\libpic32.a(defaultinterrupt.o)
 .debug_abbrev  0x00001ec6       0x28 c:/program files (x86)/microchip/xc32/v1.42/bin/bin/../../lib/gcc/pic32mx/4.8.3/../../../../pic32mx/lib\libpic32.a(_mon_write.o)
 .debug_abbrev  0x00001eee      0x138 c:/program files (x86)/microchip/xc32/v1.42/bin/bin/../../lib/gcc/pic32mx/4.8.3\libgcc.a(_udivdi3.o)
 .debug_abbrev  0x00002026      0x147 c:/program files (x86)/microchip/xc32/v1.42/bin/bin/../../lib/gcc/pic32mx/4.8.3\libgcc.a(_umoddi3.o)

.debug_line     0x00000000     0x33c7
 *(.debug_line)
 .debug_line    0x00000000      0x296 build/default/production/_ext/331920610/AD.o
 .debug_line    0x00000296      0x1ec build/default/production/_ext/331920610/BOARD.o
 .debug_line    0x00000482      0x172 build/default/production/_ext/331920610/ES_CheckEvents.o
 .debug_line    0x000005f4      0x1e6 build/default/production/_ext/331920610/ES_Framework.o
 .debug_line    0x000007da      0x1e0 build/default/production/_ext/331920610/ES_KeyboardInput.o
 .debug_line    0x000009ba       0x5c build/default/production/_ext/331920610/ES_PostList.o
 .debug_line    0x00000a16      0x197 build/default/production/_ext/331920610/ES_Queue.o
 .debug_line    0x00000bad      0x20c build/default/production/_ext/331920610/ES_TattleTale.o
 .debug_line    0x00000db9      0x1f5 build/default/production/_ext/331920610/ES_Timers.o
 .debug_line    0x00000fae      0x1e6 build/default/production/_ext/331920610/IO_Ports.o
 .debug_line    0x00001194      0x273 build/default/production/_ext/331920610/pwm.o
 .debug_line    0x00001407      0x2aa build/default/production/_ext/331920610/serial.o
 .debug_line    0x000016b1       0xb4 build/default/production/_ext/418869798/TemplateES_Main.o
 .debug_line    0x00001765      0x1bd build/default/production/_ext/281976485/MyHelperFunctions.o
 .debug_line    0x00001922      0x318 build/default/production/_ext/331920610/LED.o
 .debug_line    0x00001c3a      0x250 build/default/production/_ext/418869798/TemplateEventChecker.o
 .debug_line    0x00001e8a      0x215 build/default/production/_ext/418869798/TapeTrackingSubHSM.o
 .debug_line    0x0000209f      0x25f build/default/production/_ext/418869798/TopLevelHSM.o
 .debug_line    0x000022fe      0x25d build/default/production/_ext/418869798/TrackWireSubHSM.o
 .debug_line    0x0000255b      0x1cd build/default/production/_ext/418869798/FirstBeaconSubHSM.o
 .debug_line    0x00002728      0x2e3 build/default/production/_ext/331920610/RC_Servo.o
 .debug_line    0x00002a0b       0x6e c:/program files (x86)/microchip/xc32/v1.42/bin/bin/../../lib/gcc/pic32mx/4.8.3/../../../../pic32mx/lib\libmchp_peripheral_32MX320F128H.a(int_configure_system_lib.o)
 .debug_line    0x00002a79       0x6f c:/program files (x86)/microchip/xc32/v1.42/bin/bin/../../lib/gcc/pic32mx/4.8.3/../../../../pic32mx/lib\libmchp_peripheral_32MX320F128H.a(int_enable_interrupts_lib.o)
 .debug_line    0x00002ae8       0x61 c:/program files (x86)/microchip/xc32/v1.42/bin/bin/../../lib/gcc/pic32mx/4.8.3/../../../../pic32mx/lib\libmchp_peripheral_32MX320F128H.a(int_tbl_lib.o)
 .debug_line    0x00002b49       0x67 c:/program files (x86)/microchip/xc32/v1.42/bin/bin/../../lib/gcc/pic32mx/4.8.3/../../../../pic32mx/lib\libmchp_peripheral_32MX320F128H.a(power_sleep_lib.o)
 .debug_line    0x00002bb0       0x74 c:/program files (x86)/microchip/xc32/v1.42/bin/bin/../../lib/gcc/pic32mx/4.8.3/../../../../pic32mx/lib\libmchp_peripheral_32MX320F128H.a(port_set_pins_digital_in_lib.o)
 .debug_line    0x00002c24        0x0 c:/program files (x86)/microchip/xc32/v1.42/bin/bin/../../lib/gcc/pic32mx/4.8.3/../../../../pic32mx/lib\libmchp_peripheral_32MX320F128H.a(_ports_tbl_libp.o)
 .debug_line    0x00002c24       0x5f c:/program files (x86)/microchip/xc32/v1.42/bin/bin/../../lib/gcc/pic32mx/4.8.3/../../../../pic32mx/lib\libmchp_peripheral_32MX320F128H.a(uart_lib.o)
 .debug_line    0x00002c83       0x70 c:/program files (x86)/microchip/xc32/v1.42/bin/bin/../../lib/gcc/pic32mx/4.8.3/../../../../pic32mx/lib\libmchp_peripheral_32MX320F128H.a(int_disable_interrupts_lib.o)
 .debug_line    0x00002cf3       0x70 c:/program files (x86)/microchip/xc32/v1.42/bin/bin/../../lib/gcc/pic32mx/4.8.3/../../../../pic32mx/lib\libmchp_peripheral_32MX320F128H.a(int_restore_interrupts_lib.o)
 .debug_line    0x00002d63       0x9c c:/program files (x86)/microchip/xc32/v1.42/bin/bin/../../lib/gcc/pic32mx/4.8.3\libgcc.a(floatunsisf.o)
 .debug_line    0x00002dff       0xa9 c:/program files (x86)/microchip/xc32/v1.42/bin/bin/../../lib/gcc/pic32mx/4.8.3/../../../../pic32mx/lib\libpic32.a(default-bootstrap-exception-handler.o)
 .debug_line    0x00002ea8       0x96 c:/program files (x86)/microchip/xc32/v1.42/bin/bin/../../lib/gcc/pic32mx/4.8.3/../../../../pic32mx/lib\libpic32.a(default-on-reset.o)
 .debug_line    0x00002f3e       0x9a c:/program files (x86)/microchip/xc32/v1.42/bin/bin/../../lib/gcc/pic32mx/4.8.3/../../../../pic32mx/lib\libpic32.a(default-on-bootstrap.o)
 .debug_line    0x00002fd8       0xa7 c:/program files (x86)/microchip/xc32/v1.42/bin/bin/../../lib/gcc/pic32mx/4.8.3/../../../../pic32mx/lib\libpic32.a(default-general-exception-handler.o)
 .debug_line    0x0000307f       0xa8 c:/program files (x86)/microchip/xc32/v1.42/bin/bin/../../lib/gcc/pic32mx/4.8.3/../../../../pic32mx/lib\libpic32.a(defaultinterrupt.o)
 .debug_line    0x00003127       0x90 c:/program files (x86)/microchip/xc32/v1.42/bin/bin/../../lib/gcc/pic32mx/4.8.3/../../../../pic32mx/lib\libpic32.a(_mon_write.o)
 .debug_line    0x000031b7       0xff c:/program files (x86)/microchip/xc32/v1.42/bin/bin/../../lib/gcc/pic32mx/4.8.3\libgcc.a(_udivdi3.o)
 .debug_line    0x000032b6      0x111 c:/program files (x86)/microchip/xc32/v1.42/bin/bin/../../lib/gcc/pic32mx/4.8.3\libgcc.a(_umoddi3.o)

.debug_frame    0x00000000     0x160c
 *(.debug_frame)
 .debug_frame   0x00000000      0x16c build/default/production/_ext/331920610/AD.o
 .debug_frame   0x0000016c       0x6c build/default/production/_ext/331920610/BOARD.o
 .debug_frame   0x000001d8       0x30 build/default/production/_ext/331920610/ES_CheckEvents.o
 .debug_frame   0x00000208       0xac build/default/production/_ext/331920610/ES_Framework.o
 .debug_frame   0x000002b4       0x88 build/default/production/_ext/331920610/ES_KeyboardInput.o
 .debug_frame   0x0000033c       0x8c build/default/production/_ext/331920610/ES_Queue.o
 .debug_frame   0x000003c8       0x70 build/default/production/_ext/331920610/ES_TattleTale.o
 .debug_frame   0x00000438      0x12c build/default/production/_ext/331920610/ES_Timers.o
 .debug_frame   0x00000564      0x1d0 build/default/production/_ext/331920610/IO_Ports.o
 .debug_frame   0x00000734      0x128 build/default/production/_ext/331920610/pwm.o
 .debug_frame   0x0000085c      0x29c build/default/production/_ext/331920610/serial.o
 .debug_frame   0x00000af8       0x2c build/default/production/_ext/418869798/TemplateES_Main.o
 .debug_frame   0x00000b24      0x284 build/default/production/_ext/281976485/MyHelperFunctions.o
 .debug_frame   0x00000da8      0x148 build/default/production/_ext/331920610/LED.o
 .debug_frame   0x00000ef0       0xb0 build/default/production/_ext/418869798/TemplateEventChecker.o
 .debug_frame   0x00000fa0       0x50 build/default/production/_ext/418869798/TapeTrackingSubHSM.o
 .debug_frame   0x00000ff0       0x70 build/default/production/_ext/418869798/TopLevelHSM.o
 .debug_frame   0x00001060       0x50 build/default/production/_ext/418869798/TrackWireSubHSM.o
 .debug_frame   0x000010b0       0x50 build/default/production/_ext/418869798/FirstBeaconSubHSM.o
 .debug_frame   0x00001100      0x1c8 build/default/production/_ext/331920610/RC_Servo.o
 .debug_frame   0x000012c8       0x20 c:/program files (x86)/microchip/xc32/v1.42/bin/bin/../../lib/gcc/pic32mx/4.8.3/../../../../pic32mx/lib\libmchp_peripheral_32MX320F128H.a(int_configure_system_lib.o)
 .debug_frame   0x000012e8       0x20 c:/program files (x86)/microchip/xc32/v1.42/bin/bin/../../lib/gcc/pic32mx/4.8.3/../../../../pic32mx/lib\libmchp_peripheral_32MX320F128H.a(int_enable_interrupts_lib.o)
 .debug_frame   0x00001308       0xa0 c:/program files (x86)/microchip/xc32/v1.42/bin/bin/../../lib/gcc/pic32mx/4.8.3/../../../../pic32mx/lib\libmchp_peripheral_32MX320F128H.a(int_tbl_lib.o)
 .debug_frame   0x000013a8       0x28 c:/program files (x86)/microchip/xc32/v1.42/bin/bin/../../lib/gcc/pic32mx/4.8.3/../../../../pic32mx/lib\libmchp_peripheral_32MX320F128H.a(power_sleep_lib.o)
 .debug_frame   0x000013d0       0x20 c:/program files (x86)/microchip/xc32/v1.42/bin/bin/../../lib/gcc/pic32mx/4.8.3/../../../../pic32mx/lib\libmchp_peripheral_32MX320F128H.a(port_set_pins_digital_in_lib.o)
 .debug_frame   0x000013f0       0x90 c:/program files (x86)/microchip/xc32/v1.42/bin/bin/../../lib/gcc/pic32mx/4.8.3/../../../../pic32mx/lib\libmchp_peripheral_32MX320F128H.a(uart_lib.o)
 .debug_frame   0x00001480       0x20 c:/program files (x86)/microchip/xc32/v1.42/bin/bin/../../lib/gcc/pic32mx/4.8.3/../../../../pic32mx/lib\libmchp_peripheral_32MX320F128H.a(int_disable_interrupts_lib.o)
 .debug_frame   0x000014a0       0x20 c:/program files (x86)/microchip/xc32/v1.42/bin/bin/../../lib/gcc/pic32mx/4.8.3/../../../../pic32mx/lib\libmchp_peripheral_32MX320F128H.a(int_restore_interrupts_lib.o)
 .debug_frame   0x000014c0       0x28 c:/program files (x86)/microchip/xc32/v1.42/bin/bin/../../lib/gcc/pic32mx/4.8.3\libgcc.a(floatunsisf.o)
 .debug_frame   0x000014e8       0x2c c:/program files (x86)/microchip/xc32/v1.42/bin/bin/../../lib/gcc/pic32mx/4.8.3/../../../../pic32mx/lib\libpic32.a(default-bootstrap-exception-handler.o)
 .debug_frame   0x00001514       0x20 c:/program files (x86)/microchip/xc32/v1.42/bin/bin/../../lib/gcc/pic32mx/4.8.3/../../../../pic32mx/lib\libpic32.a(default-on-reset.o)
 .debug_frame   0x00001534       0x20 c:/program files (x86)/microchip/xc32/v1.42/bin/bin/../../lib/gcc/pic32mx/4.8.3/../../../../pic32mx/lib\libpic32.a(default-on-bootstrap.o)
 .debug_frame   0x00001554       0x2c c:/program files (x86)/microchip/xc32/v1.42/bin/bin/../../lib/gcc/pic32mx/4.8.3/../../../../pic32mx/lib\libpic32.a(default-general-exception-handler.o)
 .debug_frame   0x00001580       0x20 c:/program files (x86)/microchip/xc32/v1.42/bin/bin/../../lib/gcc/pic32mx/4.8.3/../../../../pic32mx/lib\libpic32.a(defaultinterrupt.o)
 .debug_frame   0x000015a0       0x2c c:/program files (x86)/microchip/xc32/v1.42/bin/bin/../../lib/gcc/pic32mx/4.8.3/../../../../pic32mx/lib\libpic32.a(_mon_write.o)
 .debug_frame   0x000015cc       0x20 c:/program files (x86)/microchip/xc32/v1.42/bin/bin/../../lib/gcc/pic32mx/4.8.3\libgcc.a(_udivdi3.o)
 .debug_frame   0x000015ec       0x20 c:/program files (x86)/microchip/xc32/v1.42/bin/bin/../../lib/gcc/pic32mx/4.8.3\libgcc.a(_umoddi3.o)

.debug_str      0x00000000       0xdd
 *(.debug_str)
 .debug_str     0x00000000        0x0 build/default/production/_ext/331920610/AD.o
 .debug_str     0x00000000        0x0 build/default/production/_ext/331920610/BOARD.o
 .debug_str     0x00000000        0x0 build/default/production/_ext/331920610/ES_CheckEvents.o
 .debug_str     0x00000000        0xa build/default/production/_ext/331920610/ES_Framework.o
 .debug_str     0x0000000a        0xa build/default/production/_ext/331920610/ES_KeyboardInput.o
 .debug_str     0x00000014        0x0 build/default/production/_ext/331920610/ES_PostList.o
 .debug_str     0x00000014       0x12 build/default/production/_ext/331920610/ES_Queue.o
 .debug_str     0x00000026       0x17 build/default/production/_ext/331920610/ES_TattleTale.o
 .debug_str     0x0000003d        0x9 build/default/production/_ext/331920610/ES_Timers.o
 .debug_str     0x00000046        0xd build/default/production/_ext/331920610/IO_Ports.o
 .debug_str     0x00000053       0x26 build/default/production/_ext/331920610/pwm.o
 .debug_str     0x00000079        0x0 build/default/production/_ext/331920610/serial.o
 .debug_str     0x00000079        0x0 build/default/production/_ext/418869798/TemplateES_Main.o
 .debug_str     0x00000079       0x14 build/default/production/_ext/281976485/MyHelperFunctions.o
 .debug_str     0x0000008d        0x8 build/default/production/_ext/331920610/LED.o
 .debug_str     0x00000095       0x37 build/default/production/_ext/418869798/TemplateEventChecker.o
 .debug_str     0x000000cc        0x0 build/default/production/_ext/418869798/TapeTrackingSubHSM.o
 .debug_str     0x000000cc        0xa build/default/production/_ext/418869798/TopLevelHSM.o
 .debug_str     0x000000d6        0x0 build/default/production/_ext/418869798/TrackWireSubHSM.o
 .debug_str     0x000000d6        0x0 build/default/production/_ext/418869798/FirstBeaconSubHSM.o
 .debug_str     0x000000d6        0x7 build/default/production/_ext/331920610/RC_Servo.o
 .debug_str     0x000000dd        0x0 c:/program files (x86)/microchip/xc32/v1.42/bin/bin/../../lib/gcc/pic32mx/4.8.3/../../../../pic32mx/lib\libmchp_peripheral_32MX320F128H.a(int_configure_system_lib.o)
 .debug_str     0x000000dd        0x0 c:/program files (x86)/microchip/xc32/v1.42/bin/bin/../../lib/gcc/pic32mx/4.8.3/../../../../pic32mx/lib\libmchp_peripheral_32MX320F128H.a(int_enable_interrupts_lib.o)
 .debug_str     0x000000dd        0x0 c:/program files (x86)/microchip/xc32/v1.42/bin/bin/../../lib/gcc/pic32mx/4.8.3/../../../../pic32mx/lib\libmchp_peripheral_32MX320F128H.a(int_tbl_lib.o)
 .debug_str     0x000000dd        0x0 c:/program files (x86)/microchip/xc32/v1.42/bin/bin/../../lib/gcc/pic32mx/4.8.3/../../../../pic32mx/lib\libmchp_peripheral_32MX320F128H.a(power_sleep_lib.o)
 .debug_str     0x000000dd        0x0 c:/program files (x86)/microchip/xc32/v1.42/bin/bin/../../lib/gcc/pic32mx/4.8.3/../../../../pic32mx/lib\libmchp_peripheral_32MX320F128H.a(port_set_pins_digital_in_lib.o)
 .debug_str     0x000000dd        0x0 c:/program files (x86)/microchip/xc32/v1.42/bin/bin/../../lib/gcc/pic32mx/4.8.3/../../../../pic32mx/lib\libmchp_peripheral_32MX320F128H.a(_ports_tbl_libp.o)
 .debug_str     0x000000dd        0x0 c:/program files (x86)/microchip/xc32/v1.42/bin/bin/../../lib/gcc/pic32mx/4.8.3/../../../../pic32mx/lib\libmchp_peripheral_32MX320F128H.a(uart_lib.o)
 .debug_str     0x000000dd        0x0 c:/program files (x86)/microchip/xc32/v1.42/bin/bin/../../lib/gcc/pic32mx/4.8.3/../../../../pic32mx/lib\libmchp_peripheral_32MX320F128H.a(int_disable_interrupts_lib.o)
 .debug_str     0x000000dd        0x0 c:/program files (x86)/microchip/xc32/v1.42/bin/bin/../../lib/gcc/pic32mx/4.8.3/../../../../pic32mx/lib\libmchp_peripheral_32MX320F128H.a(int_restore_interrupts_lib.o)
 .debug_str     0x000000dd        0x0 c:/program files (x86)/microchip/xc32/v1.42/bin/bin/../../lib/gcc/pic32mx/4.8.3\libgcc.a(floatunsisf.o)
 .debug_str     0x000000dd        0x0 c:/program files (x86)/microchip/xc32/v1.42/bin/bin/../../lib/gcc/pic32mx/4.8.3/../../../../pic32mx/lib\libpic32.a(default-bootstrap-exception-handler.o)
 .debug_str     0x000000dd        0x0 c:/program files (x86)/microchip/xc32/v1.42/bin/bin/../../lib/gcc/pic32mx/4.8.3/../../../../pic32mx/lib\libpic32.a(default-on-reset.o)
 .debug_str     0x000000dd        0x0 c:/program files (x86)/microchip/xc32/v1.42/bin/bin/../../lib/gcc/pic32mx/4.8.3/../../../../pic32mx/lib\libpic32.a(default-on-bootstrap.o)
 .debug_str     0x000000dd        0x0 c:/program files (x86)/microchip/xc32/v1.42/bin/bin/../../lib/gcc/pic32mx/4.8.3/../../../../pic32mx/lib\libpic32.a(default-general-exception-handler.o)
 .debug_str     0x000000dd        0x0 c:/program files (x86)/microchip/xc32/v1.42/bin/bin/../../lib/gcc/pic32mx/4.8.3/../../../../pic32mx/lib\libpic32.a(defaultinterrupt.o)
 .debug_str     0x000000dd        0x0 c:/program files (x86)/microchip/xc32/v1.42/bin/bin/../../lib/gcc/pic32mx/4.8.3/../../../../pic32mx/lib\libpic32.a(_mon_write.o)
 .debug_str     0x000000dd        0x0 c:/program files (x86)/microchip/xc32/v1.42/bin/bin/../../lib/gcc/pic32mx/4.8.3\libgcc.a(_udivdi3.o)
 .debug_str     0x000000dd        0x0 c:/program files (x86)/microchip/xc32/v1.42/bin/bin/../../lib/gcc/pic32mx/4.8.3\libgcc.a(_umoddi3.o)

.debug_loc      0x00000000     0x151b
 *(.debug_loc)
 .debug_loc     0x00000000       0x74 c:/program files (x86)/microchip/xc32/v1.42/bin/bin/../../lib/gcc/pic32mx/4.8.3\libgcc.a(floatunsisf.o)
 .debug_loc     0x00000074      0xa6a c:/program files (x86)/microchip/xc32/v1.42/bin/bin/../../lib/gcc/pic32mx/4.8.3\libgcc.a(_udivdi3.o)
 .debug_loc     0x00000ade      0xa3d c:/program files (x86)/microchip/xc32/v1.42/bin/bin/../../lib/gcc/pic32mx/4.8.3\libgcc.a(_umoddi3.o)

.debug_macinfo
 *(.debug_macinfo)

.debug_weaknames
 *(.debug_weaknames)

.debug_funcnames
 *(.debug_funcnames)

.debug_typenames
 *(.debug_typenames)

.debug_varnames
 *(.debug_varnames)

.debug_pubtypes
 *(.debug_pubtypes)

.debug_ranges   0x00000000      0x2c8
 *(.debug_ranges)
 .debug_ranges  0x00000000       0x10 c:/program files (x86)/microchip/xc32/v1.42/bin/bin/../../lib/gcc/pic32mx/4.8.3/../../../../pic32mx/lib\libmchp_peripheral_32MX320F128H.a(int_configure_system_lib.o)
 .debug_ranges  0x00000010       0x10 c:/program files (x86)/microchip/xc32/v1.42/bin/bin/../../lib/gcc/pic32mx/4.8.3/../../../../pic32mx/lib\libmchp_peripheral_32MX320F128H.a(int_enable_interrupts_lib.o)
 .debug_ranges  0x00000020       0x50 c:/program files (x86)/microchip/xc32/v1.42/bin/bin/../../lib/gcc/pic32mx/4.8.3/../../../../pic32mx/lib\libmchp_peripheral_32MX320F128H.a(int_tbl_lib.o)
 .debug_ranges  0x00000070       0x10 c:/program files (x86)/microchip/xc32/v1.42/bin/bin/../../lib/gcc/pic32mx/4.8.3/../../../../pic32mx/lib\libmchp_peripheral_32MX320F128H.a(power_sleep_lib.o)
 .debug_ranges  0x00000080       0x10 c:/program files (x86)/microchip/xc32/v1.42/bin/bin/../../lib/gcc/pic32mx/4.8.3/../../../../pic32mx/lib\libmchp_peripheral_32MX320F128H.a(port_set_pins_digital_in_lib.o)
 .debug_ranges  0x00000090       0x48 c:/program files (x86)/microchip/xc32/v1.42/bin/bin/../../lib/gcc/pic32mx/4.8.3/../../../../pic32mx/lib\libmchp_peripheral_32MX320F128H.a(uart_lib.o)
 .debug_ranges  0x000000d8       0x10 c:/program files (x86)/microchip/xc32/v1.42/bin/bin/../../lib/gcc/pic32mx/4.8.3/../../../../pic32mx/lib\libmchp_peripheral_32MX320F128H.a(int_disable_interrupts_lib.o)
 .debug_ranges  0x000000e8       0x10 c:/program files (x86)/microchip/xc32/v1.42/bin/bin/../../lib/gcc/pic32mx/4.8.3/../../../../pic32mx/lib\libmchp_peripheral_32MX320F128H.a(int_restore_interrupts_lib.o)
 .debug_ranges  0x000000f8       0x10 c:/program files (x86)/microchip/xc32/v1.42/bin/bin/../../lib/gcc/pic32mx/4.8.3/../../../../pic32mx/lib\libpic32.a(default-bootstrap-exception-handler.o)
 .debug_ranges  0x00000108       0x10 c:/program files (x86)/microchip/xc32/v1.42/bin/bin/../../lib/gcc/pic32mx/4.8.3/../../../../pic32mx/lib\libpic32.a(default-on-reset.o)
 .debug_ranges  0x00000118       0x10 c:/program files (x86)/microchip/xc32/v1.42/bin/bin/../../lib/gcc/pic32mx/4.8.3/../../../../pic32mx/lib\libpic32.a(default-on-bootstrap.o)
 .debug_ranges  0x00000128       0x10 c:/program files (x86)/microchip/xc32/v1.42/bin/bin/../../lib/gcc/pic32mx/4.8.3/../../../../pic32mx/lib\libpic32.a(default-general-exception-handler.o)
 .debug_ranges  0x00000138       0x10 c:/program files (x86)/microchip/xc32/v1.42/bin/bin/../../lib/gcc/pic32mx/4.8.3/../../../../pic32mx/lib\libpic32.a(defaultinterrupt.o)
 .debug_ranges  0x00000148       0x10 c:/program files (x86)/microchip/xc32/v1.42/bin/bin/../../lib/gcc/pic32mx/4.8.3/../../../../pic32mx/lib\libpic32.a(_mon_write.o)
 .debug_ranges  0x00000158       0x98 c:/program files (x86)/microchip/xc32/v1.42/bin/bin/../../lib/gcc/pic32mx/4.8.3\libgcc.a(_udivdi3.o)
 .debug_ranges  0x000001f0       0xd8 c:/program files (x86)/microchip/xc32/v1.42/bin/bin/../../lib/gcc/pic32mx/4.8.3\libgcc.a(_umoddi3.o)

.gnu.attributes
                0x00000000       0x10
 *(.gnu.attributes)
 .gnu.attributes
                0x00000000       0x10 build/default/production/_ext/331920610/AD.o
 .gnu.attributes
                0x00000010       0x10 build/default/production/_ext/331920610/BOARD.o
 .gnu.attributes
                0x00000020       0x10 build/default/production/_ext/331920610/ES_CheckEvents.o
 .gnu.attributes
                0x00000030       0x10 build/default/production/_ext/331920610/ES_Framework.o
 .gnu.attributes
                0x00000040       0x10 build/default/production/_ext/331920610/ES_KeyboardInput.o
 .gnu.attributes
                0x00000050       0x10 build/default/production/_ext/331920610/ES_PostList.o
 .gnu.attributes
                0x00000060       0x10 build/default/production/_ext/331920610/ES_Queue.o
 .gnu.attributes
                0x00000070       0x10 build/default/production/_ext/331920610/ES_TattleTale.o
 .gnu.attributes
                0x00000080       0x10 build/default/production/_ext/331920610/ES_Timers.o
 .gnu.attributes
                0x00000090       0x10 build/default/production/_ext/331920610/IO_Ports.o
 .gnu.attributes
                0x000000a0       0x10 build/default/production/_ext/331920610/pwm.o
 .gnu.attributes
                0x000000b0       0x10 build/default/production/_ext/331920610/serial.o
 .gnu.attributes
                0x000000c0       0x10 build/default/production/_ext/418869798/TemplateES_Main.o
 .gnu.attributes
                0x000000d0       0x10 build/default/production/_ext/281976485/MyHelperFunctions.o
 .gnu.attributes
                0x000000e0       0x10 build/default/production/_ext/331920610/LED.o
 .gnu.attributes
                0x000000f0       0x10 build/default/production/_ext/418869798/TemplateEventChecker.o
 .gnu.attributes
                0x00000100       0x10 build/default/production/_ext/418869798/TapeTrackingSubHSM.o
 .gnu.attributes
                0x00000110       0x10 build/default/production/_ext/418869798/TopLevelHSM.o
 .gnu.attributes
                0x00000120       0x10 build/default/production/_ext/418869798/TrackWireSubHSM.o
 .gnu.attributes
                0x00000130       0x10 build/default/production/_ext/418869798/FirstBeaconSubHSM.o
 .gnu.attributes
                0x00000140       0x10 build/default/production/_ext/331920610/RC_Servo.o
 .gnu.attributes
                0x00000150       0x10 c:/program files (x86)/microchip/xc32/v1.42/bin/bin/../../lib/gcc/pic32mx/4.8.3/../../../../pic32mx/lib\libmchp_peripheral_32MX320F128H.a(int_configure_system_lib.o)
 .gnu.attributes
                0x00000160       0x10 c:/program files (x86)/microchip/xc32/v1.42/bin/bin/../../lib/gcc/pic32mx/4.8.3/../../../../pic32mx/lib\libmchp_peripheral_32MX320F128H.a(int_enable_interrupts_lib.o)
 .gnu.attributes
                0x00000170       0x10 c:/program files (x86)/microchip/xc32/v1.42/bin/bin/../../lib/gcc/pic32mx/4.8.3/../../../../pic32mx/lib\libmchp_peripheral_32MX320F128H.a(int_tbl_lib.o)
 .gnu.attributes
                0x00000180       0x10 c:/program files (x86)/microchip/xc32/v1.42/bin/bin/../../lib/gcc/pic32mx/4.8.3/../../../../pic32mx/lib\libmchp_peripheral_32MX320F128H.a(power_sleep_lib.o)
 .gnu.attributes
                0x00000190       0x10 c:/program files (x86)/microchip/xc32/v1.42/bin/bin/../../lib/gcc/pic32mx/4.8.3/../../../../pic32mx/lib\libmchp_peripheral_32MX320F128H.a(port_set_pins_digital_in_lib.o)
 .gnu.attributes
                0x000001a0       0x10 c:/program files (x86)/microchip/xc32/v1.42/bin/bin/../../lib/gcc/pic32mx/4.8.3/../../../../pic32mx/lib\libmchp_peripheral_32MX320F128H.a(_ports_tbl_libp.o)
 .gnu.attributes
                0x000001b0       0x10 c:/program files (x86)/microchip/xc32/v1.42/bin/bin/../../lib/gcc/pic32mx/4.8.3/../../../../pic32mx/lib\libmchp_peripheral_32MX320F128H.a(uart_lib.o)
 .gnu.attributes
                0x000001c0       0x10 c:/program files (x86)/microchip/xc32/v1.42/bin/bin/../../lib/gcc/pic32mx/4.8.3/../../../../pic32mx/lib\libmchp_peripheral_32MX320F128H.a(int_disable_interrupts_lib.o)
 .gnu.attributes
                0x000001d0       0x10 c:/program files (x86)/microchip/xc32/v1.42/bin/bin/../../lib/gcc/pic32mx/4.8.3/../../../../pic32mx/lib\libmchp_peripheral_32MX320F128H.a(int_restore_interrupts_lib.o)
 .gnu.attributes
                0x000001e0       0x10 c:/program files (x86)/microchip/xc32/v1.42/bin/bin/../../lib/gcc/pic32mx/4.8.3\libgcc.a(floatunsisf.o)
 .gnu.attributes
                0x000001f0       0x10 c:/program files (x86)/microchip/xc32/v1.42/bin/bin/../../lib/gcc/pic32mx/4.8.3/../../../../pic32mx/lib\libpic32.a(default-bootstrap-exception-handler.o)
 .gnu.attributes
                0x00000200       0x10 c:/program files (x86)/microchip/xc32/v1.42/bin/bin/../../lib/gcc/pic32mx/4.8.3/../../../../pic32mx/lib\libpic32.a(default-on-reset.o)
 .gnu.attributes
                0x00000210       0x10 c:/program files (x86)/microchip/xc32/v1.42/bin/bin/../../lib/gcc/pic32mx/4.8.3/../../../../pic32mx/lib\libpic32.a(default-on-bootstrap.o)
 .gnu.attributes
                0x00000220       0x10 c:/program files (x86)/microchip/xc32/v1.42/bin/bin/../../lib/gcc/pic32mx/4.8.3/../../../../pic32mx/lib\libpic32.a(default-general-exception-handler.o)
 .gnu.attributes
                0x00000230       0x10 c:/program files (x86)/microchip/xc32/v1.42/bin/bin/../../lib/gcc/pic32mx/4.8.3/../../../../pic32mx/lib\libpic32.a(defaultinterrupt.o)
 .gnu.attributes
                0x00000240       0x10 c:/program files (x86)/microchip/xc32/v1.42/bin/bin/../../lib/gcc/pic32mx/4.8.3/../../../../pic32mx/lib\liblega-c.a(fputc.o)
 .gnu.attributes
                0x00000250       0x10 c:/program files (x86)/microchip/xc32/v1.42/bin/bin/../../lib/gcc/pic32mx/4.8.3/../../../../pic32mx/lib\liblega-c.a(fputs.o)
 .gnu.attributes
                0x00000260       0x10 c:/program files (x86)/microchip/xc32/v1.42/bin/bin/../../lib/gcc/pic32mx/4.8.3/../../../../pic32mx/lib\liblega-c.a(printf_cdnopsuxX.eo)
 .gnu.attributes
                0x00000270       0x10 c:/program files (x86)/microchip/xc32/v1.42/bin/bin/../../lib/gcc/pic32mx/4.8.3/../../../../pic32mx/lib\liblega-c.a(strlen.o)
 .gnu.attributes
                0x00000280       0x10 c:/program files (x86)/microchip/xc32/v1.42/bin/bin/../../lib/gcc/pic32mx/4.8.3/../../../../pic32mx/lib\liblega-c.a(_doprnt_cdnopsuxX.eo)
 .gnu.attributes
                0x00000290       0x10 c:/program files (x86)/microchip/xc32/v1.42/bin/bin/../../lib/gcc/pic32mx/4.8.3/../../../../pic32mx/lib\liblega-c.a(_iobdata.o)
 .gnu.attributes
                0x000002a0       0x10 c:/program files (x86)/microchip/xc32/v1.42/bin/bin/../../lib/gcc/pic32mx/4.8.3/../../../../pic32mx/lib\liblega-c.a(_iobfuncs.o)
 .gnu.attributes
                0x000002b0       0x10 c:/program files (x86)/microchip/xc32/v1.42/bin/bin/../../lib/gcc/pic32mx/4.8.3/../../../../pic32mx/lib\liblega-c.a(errno.o)
 .gnu.attributes
                0x000002c0       0x10 c:/program files (x86)/microchip/xc32/v1.42/bin/bin/../../lib/gcc/pic32mx/4.8.3/../../../../pic32mx/lib\libpic32.a(_mon_write.o)
 .gnu.attributes
                0x000002d0       0x10 c:/program files (x86)/microchip/xc32/v1.42/bin/bin/../../lib/gcc/pic32mx/4.8.3\libgcc.a(_udivdi3.o)
 .gnu.attributes
                0x000002e0       0x10 c:/program files (x86)/microchip/xc32/v1.42/bin/bin/../../lib/gcc/pic32mx/4.8.3\libgcc.a(_umoddi3.o)
                0x0000000a                _min_heap_size = 0xa
LOAD c:/program files (x86)/microchip/xc32/v1.42/bin/bin/../../lib/gcc/pic32mx/4.8.3/../../../../pic32mx/lib/./proc/32MX320F128H\default_isr_vectors.o
LOAD c:/program files (x86)/microchip/xc32/v1.42/bin/bin/../../lib/gcc/pic32mx/4.8.3/../../../../pic32mx/lib\pic32_software_reset.o
LOAD c:/program files (x86)/microchip/xc32/v1.42/bin/bin/../../lib/gcc/pic32mx/4.8.3\libgcc.a
START GROUP
LOAD c:/program files (x86)/microchip/xc32/v1.42/bin/bin/../../lib/gcc/pic32mx/4.8.3/../../../../pic32mx/lib\libpic32.a